<html>
<body>
<pre>
<h1>µVision Build Log</h1>
<h2>Project:</h2>
C:\Keil\ARM\Boards\Keil\MCB1800\RL\USB\Device\HID0_v1\HID.uvproj
Project File Date:  04/03/2015

<h2>Output:</h2>
Build target 'LPC1857_USB0 Flash'
compiling USBD_Demo.c...
.\app\DAP_config.h(384): warning:  #940-D: missing return statement at end of non-void function "PIN_TDI_IN"
.\app\DAP_config.h(431): warning:  #940-D: missing return statement at end of non-void function "PIN_nRESET_IN"
USBD_Demo.c(21): warning:  #1295-D: Deprecated declaration usbd_hid_process - give arg types
USBD_Demo.c(26): warning:  #167-D: argument of type "unsigned char *" is incompatible with parameter of type "char *restrict"
USBD_Demo.c(30): warning:  #177-D: variable "but_ex" was declared but never referenced
USBD_Demo.c(31): warning:  #177-D: variable "but" was declared but never referenced
USBD_Demo.c(32): warning:  #550-D: variable "buf" was set but never used
linking...
Program Size: Code=13552 RO-data=7092 RW-data=140 ZI-data=17436  
After Build - User command #1: C:\Keil\\ARM\BIN\ElfDwT.exe .\Obj\HID.axf BASEADDRESS(0x1A000000)
ELFDWT - Signature Creator V1.1
COPYRIGHT Keil - An ARM Company, Copyright (C) 2012
*** Updated Signature over Range[32] (0x1A000000 - 0x1A000018): @0x1A00001C = 0x3DFFBB16
*** Processing completed, no Errors.
".\Obj\HID.axf" - 0 Errors, 7 Warning(s).
Build target 'LPC1857_USB0 Flash'
compiling DAP.c...
app\DAP_config.h(384): warning:  #940-D: missing return statement at end of non-void function "PIN_TDI_IN"
app\DAP_config.h(431): warning:  #940-D: missing return statement at end of non-void function "PIN_nRESET_IN"
compiling USBD_Demo.c...
.\app\DAP_config.h(384): warning:  #940-D: missing return statement at end of non-void function "PIN_TDI_IN"
.\app\DAP_config.h(431): warning:  #940-D: missing return statement at end of non-void function "PIN_nRESET_IN"
USBD_Demo.c(21): warning:  #1295-D: Deprecated declaration usbd_hid_process - give arg types
USBD_Demo.c(26): warning:  #167-D: argument of type "unsigned char *" is incompatible with parameter of type "char *restrict"
USBD_Demo.c(30): warning:  #177-D: variable "but_ex" was declared but never referenced
USBD_Demo.c(31): warning:  #177-D: variable "but" was declared but never referenced
USBD_Demo.c(32): warning:  #550-D: variable "buf" was set but never used
compiling SW_DP.c...
app\DAP_config.h(384): warning:  #940-D: missing return statement at end of non-void function "PIN_TDI_IN"
app\DAP_config.h(431): warning:  #940-D: missing return statement at end of non-void function "PIN_nRESET_IN"
linking...
Program Size: Code=13576 RO-data=7092 RW-data=140 ZI-data=17436  
After Build - User command #1: C:\Keil\\ARM\BIN\ElfDwT.exe .\Obj\HID.axf BASEADDRESS(0x1A000000)
ELFDWT - Signature Creator V1.1
COPYRIGHT Keil - An ARM Company, Copyright (C) 2012
*** Updated Signature over Range[32] (0x1A000000 - 0x1A000018): @0x1A00001C = 0x3DFFBB16
*** Processing completed, no Errors.
".\Obj\HID.axf" - 0 Errors, 11 Warning(s).
Load "C:\\Keil\\ARM\\Boards\\Keil\\MCB1800\\RL\\USB\\Device\\HID0_v1\\Obj\\HID.axf" 
Set JLink Project File to "C:\Keil\ARM\Boards\Keil\MCB1800\RL\USB\Device\HID0_v1\JLinkSettings.ini"
* JLink Info: Device "LPC1850" selected (65536 KB flash, 96 KB RAM).
 
JLink info:
------------
DLL: V4.68a, compiled Apr 12 2013 13:26:50
Firmware: J-Link ARM V8 compiled Nov 25 2013 19:20:08
Hardware: V8.00
S/N : 99991999 
Feature(s) : RDI,FlashDL,FlashBP,JFlash,GDBFULL 
 
* JLink Info: TotalIRLen = 4, IRPrint = 0x01
* JLink Info: Found Cortex-M3 r2p1, Little endian.
* JLink Info: TPIU fitted.
* JLink Info: ETM fitted.
* JLink Info: FPUnit: 6 code (BP) slots and 2 literal slots
ROMTableAddr = 0xE00FF003
 
Target info:
------------
Device: LPC1850
VTarget = 3.164V
State of Pins: 
TCK: 1, TDI: 0, TDO: 1, TMS: 0, TRES: 1, TRST: 1
Hardware-Breakpoints: 6
Software-Breakpoints: 8192
Watchpoints:          4
JTAG speed: 2000 kHz
 
Full Chip Erase Done.
Programming Done.
Verify OK.
Build target 'LPC1857_USB0 Flash'
compiling USBD_Demo.c...
.\app\DAP_config.h(384): warning:  #940-D: missing return statement at end of non-void function "PIN_TDI_IN"
.\app\DAP_config.h(431): warning:  #940-D: missing return statement at end of non-void function "PIN_nRESET_IN"
USBD_Demo.c(21): warning:  #1295-D: Deprecated declaration usbd_hid_process - give arg types
USBD_Demo.c(26): warning:  #167-D: argument of type "unsigned char *" is incompatible with parameter of type "char *restrict"
USBD_Demo.c(30): warning:  #177-D: variable "but_ex" was declared but never referenced
USBD_Demo.c(31): warning:  #177-D: variable "but" was declared but never referenced
USBD_Demo.c(32): warning:  #550-D: variable "buf" was set but never used
linking...
Program Size: Code=13576 RO-data=7092 RW-data=140 ZI-data=17436  
After Build - User command #1: C:\Keil\\ARM\BIN\ElfDwT.exe .\Obj\HID.axf BASEADDRESS(0x1A000000)
ELFDWT - Signature Creator V1.1
COPYRIGHT Keil - An ARM Company, Copyright (C) 2012
*** Updated Signature over Range[32] (0x1A000000 - 0x1A000018): @0x1A00001C = 0x3DFFBB16
*** Processing completed, no Errors.
".\Obj\HID.axf" - 0 Errors, 7 Warning(s).
Build target 'LPC1857_USB0 Flash'
compiling USBD_Demo.c...
.\app\DAP_config.h(384): warning:  #940-D: missing return statement at end of non-void function "PIN_TDI_IN"
.\app\DAP_config.h(431): warning:  #940-D: missing return statement at end of non-void function "PIN_nRESET_IN"
USBD_Demo.c(21): warning:  #1295-D: Deprecated declaration usbd_hid_process - give arg types
USBD_Demo.c(26): warning:  #167-D: argument of type "unsigned char *" is incompatible with parameter of type "char *restrict"
USBD_Demo.c(30): warning:  #177-D: variable "but_ex" was declared but never referenced
USBD_Demo.c(31): warning:  #177-D: variable "but" was declared but never referenced
USBD_Demo.c(32): warning:  #550-D: variable "buf" was set but never used
linking...
Program Size: Code=13588 RO-data=7092 RW-data=140 ZI-data=17436  
After Build - User command #1: C:\Keil\\ARM\BIN\ElfDwT.exe .\Obj\HID.axf BASEADDRESS(0x1A000000)
ELFDWT - Signature Creator V1.1
COPYRIGHT Keil - An ARM Company, Copyright (C) 2012
*** Updated Signature over Range[32] (0x1A000000 - 0x1A000018): @0x1A00001C = 0x43FFB426
*** Processing completed, no Errors.
".\Obj\HID.axf" - 0 Errors, 7 Warning(s).
Build target 'LPC1857_USB0 Flash'
compiling USBD_Demo.c...
.\app\DAP_config.h(384): warning:  #940-D: missing return statement at end of non-void function "PIN_TDI_IN"
.\app\DAP_config.h(431): warning:  #940-D: missing return statement at end of non-void function "PIN_nRESET_IN"
USBD_Demo.c(21): warning:  #1295-D: Deprecated declaration usbd_hid_process - give arg types
USBD_Demo.c(26): warning:  #167-D: argument of type "unsigned char *" is incompatible with parameter of type "char *restrict"
USBD_Demo.c(30): warning:  #177-D: variable "but_ex" was declared but never referenced
USBD_Demo.c(31): warning:  #177-D: variable "but" was declared but never referenced
USBD_Demo.c(32): warning:  #550-D: variable "buf" was set but never used
linking...
Program Size: Code=13588 RO-data=7092 RW-data=140 ZI-data=17436  
After Build - User command #1: C:\Keil\\ARM\BIN\ElfDwT.exe .\Obj\HID.axf BASEADDRESS(0x1A000000)
ELFDWT - Signature Creator V1.1
COPYRIGHT Keil - An ARM Company, Copyright (C) 2012
*** Updated Signature over Range[32] (0x1A000000 - 0x1A000018): @0x1A00001C = 0x43FFB426
*** Processing completed, no Errors.
".\Obj\HID.axf" - 0 Errors, 7 Warning(s).
Load "C:\\Keil\\ARM\\Boards\\Keil\\MCB1800\\RL\\USB\\Device\\HID0_v1\\Obj\\HID.axf" 
Set JLink Project File to "C:\Keil\ARM\Boards\Keil\MCB1800\RL\USB\Device\HID0_v1\JLinkSettings.ini"
* JLink Info: Device "LPC1850" selected (65536 KB flash, 96 KB RAM).
 
JLink info:
------------
DLL: V4.68a, compiled Apr 12 2013 13:26:50
Firmware: J-Link ARM V8 compiled Nov 25 2013 19:20:08
Hardware: V8.00
S/N : 99991999 
Feature(s) : RDI,FlashDL,FlashBP,JFlash,GDBFULL 
 
* JLink Info: TotalIRLen = 4, IRPrint = 0x01
* JLink Info: Found Cortex-M3 r2p1, Little endian.
* JLink Info: TPIU fitted.
* JLink Info: ETM fitted.
* JLink Info: FPUnit: 6 code (BP) slots and 2 literal slots
ROMTableAddr = 0xE00FF003
 
Target info:
------------
Device: LPC1850
VTarget = 3.228V
State of Pins: 
TCK: 1, TDI: 0, TDO: 1, TMS: 0, TRES: 1, TRST: 1
Hardware-Breakpoints: 6
Software-Breakpoints: 8192
Watchpoints:          4
JTAG speed: 2000 kHz
 
Full Chip Erase Done.
Programming Done.
Verify OK.
Build target 'LPC1857_USB0 Flash'
compiling USBD_Demo.c...
.\app\DAP_config.h(384): warning:  #940-D: missing return statement at end of non-void function "PIN_TDI_IN"
.\app\DAP_config.h(431): warning:  #940-D: missing return statement at end of non-void function "PIN_nRESET_IN"
USBD_Demo.c(21): warning:  #1295-D: Deprecated declaration usbd_hid_process - give arg types
USBD_Demo.c(26): warning:  #167-D: argument of type "unsigned char *" is incompatible with parameter of type "char *restrict"
USBD_Demo.c(30): warning:  #177-D: variable "but_ex" was declared but never referenced
USBD_Demo.c(31): warning:  #177-D: variable "but" was declared but never referenced
USBD_Demo.c(32): warning:  #550-D: variable "buf" was set but never used
linking...
Program Size: Code=13568 RO-data=7092 RW-data=140 ZI-data=17436  
After Build - User command #1: C:\Keil\\ARM\BIN\ElfDwT.exe .\Obj\HID.axf BASEADDRESS(0x1A000000)
ELFDWT - Signature Creator V1.1
COPYRIGHT Keil - An ARM Company, Copyright (C) 2012
*** Updated Signature over Range[32] (0x1A000000 - 0x1A000018): @0x1A00001C = 0x3DFFBB16
*** Processing completed, no Errors.
".\Obj\HID.axf" - 0 Errors, 7 Warning(s).
Load "C:\\Keil\\ARM\\Boards\\Keil\\MCB1800\\RL\\USB\\Device\\HID0_v1\\Obj\\HID.axf" 
Set JLink Project File to "C:\Keil\ARM\Boards\Keil\MCB1800\RL\USB\Device\HID0_v1\JLinkSettings.ini"
* JLink Info: Device "LPC1850" selected (65536 KB flash, 96 KB RAM).
 
JLink info:
------------
DLL: V4.68a, compiled Apr 12 2013 13:26:50
Firmware: J-Link ARM V8 compiled Nov 25 2013 19:20:08
Hardware: V8.00
S/N : 99991999 
Feature(s) : RDI,FlashDL,FlashBP,JFlash,GDBFULL 
 
* JLink Info: TotalIRLen = 4, IRPrint = 0x01
* JLink Info: Found Cortex-M3 r2p1, Little endian.
* JLink Info: TPIU fitted.
* JLink Info: ETM fitted.
* JLink Info: FPUnit: 6 code (BP) slots and 2 literal slots
ROMTableAddr = 0xE00FF003
 
Target info:
------------
Device: LPC1850
VTarget = 3.228V
State of Pins: 
TCK: 1, TDI: 0, TDO: 1, TMS: 0, TRES: 1, TRST: 1
Hardware-Breakpoints: 6
Software-Breakpoints: 8192
Watchpoints:          4
JTAG speed: 2000 kHz
 
Full Chip Erase Done.
Programming Done.
Verify OK.
Build target 'LPC1857_USB0 Flash'
linking...
Program Size: Code=13568 RO-data=7092 RW-data=140 ZI-data=17436  
After Build - User command #1: C:\Keil\\ARM\BIN\ElfDwT.exe .\Obj\HID.axf BASEADDRESS(0x1A000000)
ELFDWT - Signature Creator V1.1
COPYRIGHT Keil - An ARM Company, Copyright (C) 2012
*** Updated Signature over Range[32] (0x1A000000 - 0x1A000018): @0x1A00001C = 0x3DFFBB16
*** Processing completed, no Errors.
".\Obj\HID.axf" - 0 Errors, 0 Warning(s).
Load "C:\\Keil\\ARM\\Boards\\Keil\\MCB1800\\RL\\USB\\Device\\HID0_v1\\Obj\\HID.axf" 
Set JLink Project File to "C:\Keil\ARM\Boards\Keil\MCB1800\RL\USB\Device\HID0_v1\JLinkSettings.ini"
* JLink Info: Device "LPC1850" selected (65536 KB flash, 96 KB RAM).
 
JLink info:
------------
DLL: V4.68a, compiled Apr 12 2013 13:26:50
Firmware: J-Link ARM V8 compiled Nov 25 2013 19:20:08
Hardware: V8.00
S/N : 99991999 
Feature(s) : RDI,FlashDL,FlashBP,JFlash,GDBFULL 
 
* JLink Info: TotalIRLen = 4, IRPrint = 0x01
* JLink Info: Found Cortex-M3 r2p1, Little endian.
* JLink Info: TPIU fitted.
* JLink Info: ETM fitted.
* JLink Info: FPUnit: 6 code (BP) slots and 2 literal slots
ROMTableAddr = 0xE00FF003
 
Target info:
------------
Device: LPC1850
VTarget = 3.248V
State of Pins: 
TCK: 1, TDI: 0, TDO: 1, TMS: 0, TRES: 1, TRST: 1
Hardware-Breakpoints: 6
Software-Breakpoints: 8192
Watchpoints:          4
JTAG speed: 2000 kHz
 
Full Chip Erase Done.
Programming Done.
Verify OK.
Build target 'LPC1857_USB0 Flash'
compiling USBD_Demo.c...
.\app\DAP_config.h(384): warning:  #940-D: missing return statement at end of non-void function "PIN_TDI_IN"
.\app\DAP_config.h(431): warning:  #940-D: missing return statement at end of non-void function "PIN_nRESET_IN"
USBD_Demo.c(21): warning:  #1295-D: Deprecated declaration usbd_hid_process - give arg types
USBD_Demo.c(26): warning:  #167-D: argument of type "unsigned char *" is incompatible with parameter of type "char *restrict"
USBD_Demo.c(30): warning:  #177-D: variable "but_ex" was declared but never referenced
USBD_Demo.c(31): warning:  #177-D: variable "but" was declared but never referenced
USBD_Demo.c(32): warning:  #550-D: variable "buf" was set but never used
linking...
Program Size: Code=13568 RO-data=7092 RW-data=140 ZI-data=17436  
After Build - User command #1: C:\Keil\\ARM\BIN\ElfDwT.exe .\Obj\HID.axf BASEADDRESS(0x1A000000)
ELFDWT - Signature Creator V1.1
COPYRIGHT Keil - An ARM Company, Copyright (C) 2012
*** Updated Signature over Range[32] (0x1A000000 - 0x1A000018): @0x1A00001C = 0x3DFFBB16
*** Processing completed, no Errors.
".\Obj\HID.axf" - 0 Errors, 7 Warning(s).
Load "C:\\Keil\\ARM\\Boards\\Keil\\MCB1800\\RL\\USB\\Device\\HID0_v1\\Obj\\HID.axf" 
Set JLink Project File to "C:\Keil\ARM\Boards\Keil\MCB1800\RL\USB\Device\HID0_v1\JLinkSettings.ini"
* JLink Info: Device "LPC1850" selected (65536 KB flash, 96 KB RAM).
 
JLink info:
------------
DLL: V4.68a, compiled Apr 12 2013 13:26:50
Firmware: J-Link ARM V8 compiled Nov 25 2013 19:20:08
Hardware: V8.00
S/N : 99991999 
Feature(s) : RDI,FlashDL,FlashBP,JFlash,GDBFULL 
 
* JLink Info: TotalIRLen = 4, IRPrint = 0x01
* JLink Info: Found Cortex-M3 r2p1, Little endian.
* JLink Info: TPIU fitted.
* JLink Info: ETM fitted.
* JLink Info: FPUnit: 6 code (BP) slots and 2 literal slots
ROMTableAddr = 0xE00FF003
 
Target info:
------------
Device: LPC1850
VTarget = 3.209V
State of Pins: 
TCK: 1, TDI: 0, TDO: 1, TMS: 0, TRES: 1, TRST: 1
Hardware-Breakpoints: 6
Software-Breakpoints: 8192
Watchpoints:          4
JTAG speed: 2000 kHz
 
Full Chip Erase Done.
Programming Done.
Verify OK.
Build target 'LPC1857_USB0 Flash'
compiling USBD_Demo.c...
.\app\DAP_config.h(384): warning:  #940-D: missing return statement at end of non-void function "PIN_TDI_IN"
.\app\DAP_config.h(431): warning:  #940-D: missing return statement at end of non-void function "PIN_nRESET_IN"
USBD_Demo.c(21): warning:  #1295-D: Deprecated declaration usbd_hid_process - give arg types
USBD_Demo.c(26): warning:  #167-D: argument of type "unsigned char *" is incompatible with parameter of type "char *restrict"
USBD_Demo.c(30): warning:  #177-D: variable "but_ex" was declared but never referenced
USBD_Demo.c(31): warning:  #177-D: variable "but" was declared but never referenced
USBD_Demo.c(32): warning:  #550-D: variable "buf" was set but never used
linking...
Program Size: Code=13568 RO-data=7092 RW-data=140 ZI-data=17436  
After Build - User command #1: C:\Keil\\ARM\BIN\ElfDwT.exe .\Obj\HID.axf BASEADDRESS(0x1A000000)
ELFDWT - Signature Creator V1.1
COPYRIGHT Keil - An ARM Company, Copyright (C) 2012
*** Updated Signature over Range[32] (0x1A000000 - 0x1A000018): @0x1A00001C = 0x3DFFBB16
*** Processing completed, no Errors.
".\Obj\HID.axf" - 0 Errors, 7 Warning(s).
Load "C:\\Keil\\ARM\\Boards\\Keil\\MCB1800\\RL\\USB\\Device\\HID0_v1\\Obj\\HID.axf" 
Set JLink Project File to "C:\Keil\ARM\Boards\Keil\MCB1800\RL\USB\Device\HID0_v1\JLinkSettings.ini"
* JLink Info: Device "LPC1850" selected (65536 KB flash, 96 KB RAM).
 
JLink info:
------------
DLL: V4.68a, compiled Apr 12 2013 13:26:50
Firmware: J-Link ARM V8 compiled Nov 25 2013 19:20:08
Hardware: V8.00
S/N : 99991999 
Feature(s) : RDI,FlashDL,FlashBP,JFlash,GDBFULL 
 
* JLink Info: TotalIRLen = 4, IRPrint = 0x01
* JLink Info: Found Cortex-M3 r2p1, Little endian.
* JLink Info: TPIU fitted.
* JLink Info: ETM fitted.
* JLink Info: FPUnit: 6 code (BP) slots and 2 literal slots
ROMTableAddr = 0xE00FF003
 
Target info:
------------
Device: LPC1850
VTarget = 3.261V
State of Pins: 
TCK: 1, TDI: 0, TDO: 1, TMS: 0, TRES: 1, TRST: 1
Hardware-Breakpoints: 6
Software-Breakpoints: 8192
Watchpoints:          4
JTAG speed: 2000 kHz
 
Full Chip Erase Done.
Programming Done.
Verify OK.
Build target 'LPC1857_USB0 Flash'
compiling USBD_Demo.c...
.\app\DAP_config.h(384): warning:  #940-D: missing return statement at end of non-void function "PIN_TDI_IN"
.\app\DAP_config.h(431): warning:  #940-D: missing return statement at end of non-void function "PIN_nRESET_IN"
USBD_Demo.c(21): warning:  #1295-D: Deprecated declaration usbd_hid_process - give arg types
USBD_Demo.c(26): warning:  #167-D: argument of type "unsigned char *" is incompatible with parameter of type "char *restrict"
USBD_Demo.c(30): warning:  #177-D: variable "but_ex" was declared but never referenced
USBD_Demo.c(31): warning:  #177-D: variable "but" was declared but never referenced
USBD_Demo.c(32): warning:  #550-D: variable "buf" was set but never used
linking...
Program Size: Code=13552 RO-data=7092 RW-data=140 ZI-data=17436  
After Build - User command #1: C:\Keil\\ARM\BIN\ElfDwT.exe .\Obj\HID.axf BASEADDRESS(0x1A000000)
ELFDWT - Signature Creator V1.1
COPYRIGHT Keil - An ARM Company, Copyright (C) 2012
*** Updated Signature over Range[32] (0x1A000000 - 0x1A000018): @0x1A00001C = 0x3DFFBB16
*** Processing completed, no Errors.
".\Obj\HID.axf" - 0 Errors, 7 Warning(s).
Load "C:\\Keil\\ARM\\Boards\\Keil\\MCB1800\\RL\\USB\\Device\\HID0_v1\\Obj\\HID.axf" 
Set JLink Project File to "C:\Keil\ARM\Boards\Keil\MCB1800\RL\USB\Device\HID0_v1\JLinkSettings.ini"
* JLink Info: Device "LPC1850" selected (65536 KB flash, 96 KB RAM).
 
JLink info:
------------
DLL: V4.68a, compiled Apr 12 2013 13:26:50
Firmware: J-Link ARM V8 compiled Nov 25 2013 19:20:08
Hardware: V8.00
S/N : 99991999 
Feature(s) : RDI,FlashDL,FlashBP,JFlash,GDBFULL 
 
* JLink Info: TotalIRLen = 4, IRPrint = 0x01
* JLink Info: Found Cortex-M3 r2p1, Little endian.
* JLink Info: TPIU fitted.
* JLink Info: ETM fitted.
* JLink Info: FPUnit: 6 code (BP) slots and 2 literal slots
ROMTableAddr = 0xE00FF003
 
Target info:
------------
Device: LPC1850
VTarget = 3.241V
State of Pins: 
TCK: 1, TDI: 0, TDO: 1, TMS: 0, TRES: 1, TRST: 1
Hardware-Breakpoints: 6
Software-Breakpoints: 8192
Watchpoints:          4
JTAG speed: 2000 kHz
 
Full Chip Erase Done.
Programming Done.
Verify OK.
