ARM Linker, 5.03 [Build 76] [MDK-ARM Professional]

==============================================================================

Section Cross References

    startup_lpc18xx.o(RESET) refers to startup_lpc18xx.o(STACK) for __initial_sp
    startup_lpc18xx.o(RESET) refers to startup_lpc18xx.o(.text) for Reset_Handler
    startup_lpc18xx.o(RESET) refers to usbd_lpc18xx_usb0.o(.text) for USB0_IRQHandler
    startup_lpc18xx.o(.text) refers to system_lpc18xx.o(.text) for SystemInit
    startup_lpc18xx.o(.text) refers to entry.o(.ARM.Collect$$$$00000000) for __main
    system_lpc18xx.o(.text) refers to uldiv.o(.text) for __aeabi_uldivmod
    system_lpc18xx.o(.text) refers to system_lpc18xx.o(.data) for .data
    system_lpc18xx.o(.text) refers to system_lpc18xx.o(.constdata) for .constdata
    system_lpc18xx.o(.text) refers to startup_lpc18xx.o(RESET) for __Vectors
    usb_config_usb0.o(.text) refers to usbd_hid.o(.text) for USBD_HID_Configure_Event
    usb_config_usb0.o(.text) refers to usbd_user_hid.o(.text) for usbd_hid_init
    usb_config_usb0.o(.constdata) refers to usb_config_usb0.o(.text) for USBD_SOF_Event
    usb_config_usb0.o(.constdata) refers to usbd_core.o(.text) for USBD_EndPoint0
    usb_config_usb0.o(.constdata) refers to usbd_hid.o(.text) for USBD_HID_EP_INT_Event
    usb_config_usb0.o(.constdata) refers to usb_config_usb0.o(.text) for USBD_Configure_Event
    usbd_lpc18xx_usb0.o(.text) refers to usbd_lpc18xx_usb0.o(.bss) for .bss
    usbd_lpc18xx_usb0.o(.text) refers to usbd_lpc18xx_usb0.o(.data) for .data
    usbd_lpc18xx_usb0.o(.text) refers to usb_config_usb0.o(.constdata) for USBD_P_SOF_Event
    usbd_lpc18xx_usb0.o(.text) refers to usb_config_usb0.o(.constdata) for USBD_P_Error_Event
    usbd_lpc18xx_usb0.o(.text) refers to usbd_core.o(.text) for usbd_reset_core
    usbd_lpc18xx_usb0.o(.text) refers to usb_config_usb0.o(.constdata) for USBD_P_Reset_Event
    usbd_lpc18xx_usb0.o(.text) refers to usb_config_usb0.o(.constdata) for USBD_P_Suspend_Event
    usbd_lpc18xx_usb0.o(.text) refers to usbd_core.o(.data) for USBD_HighSpeed
    usbd_lpc18xx_usb0.o(.text) refers to usb_config_usb0.o(.constdata) for USBD_P_Resume_Event
    usbd_lpc18xx_usb0.o(.text) refers to usb_config_usb0.o(.constdata) for USBD_P_EP
    glcd_lpc18xx.o(.text) refers to glcd_lpc18xx.o(.data) for .data
    glcd_lpc18xx.o(.text) refers to glcd_lpc18xx.o(.constdata) for .constdata
    led_lpc18xx.o(.text) refers to led_lpc18xx.o(.constdata) for .constdata
    dap.o(.text) refers to sw_dp.o(.text) for SWD_Transfer
    dap.o(.text) refers to dap.o(.data) for .data
    dap.o(.text) refers to dap.o(.bss) for .bss
    dap.o(.text) refers to dap.o(.constdata) for .constdata
    usbd_user_hid.o(.text) refers to memcpya.o(.text) for __aeabi_memcpy
    usbd_user_hid.o(.text) refers to dap.o(.text) for DAP_ProcessCommand
    usbd_user_hid.o(.text) refers to usbd_hid.o(.text) for usbd_hid_get_report_trigger
    usbd_user_hid.o(.text) refers to usbd_user_hid.o(.data) for .data
    usbd_user_hid.o(.text) refers to usbd_user_hid.o(.bss) for .bss
    usbd_user_hid.o(.text) refers to dap.o(.data) for DAP_TransferAbort
    usbd_demo.o(.text) refers to printf1.o(i.__0sprintf$1) for __2sprintf
    usbd_demo.o(.text) refers to glcd_lpc18xx.o(.text) for GLCD_DisplayString
    usbd_demo.o(.text) refers to dap.o(.text) for DAP_Setup
    usbd_demo.o(.text) refers to usbd_core.o(.text) for usbd_init
    usbd_demo.o(.text) refers to usbd_user_hid.o(.text) for usbd_hid_process
    sw_dp.o(.text) refers to dap.o(.bss) for DAP_Data
    usbd_core.o(.text) refers to usb_config_usb0.o(.text) for usbd_class_init
    usbd_core.o(.text) refers to usbd_lpc18xx_usb0.o(.text) for USBD_Init
    usbd_core.o(.text) refers to usbd_core.o(i.USBD_ReqGetStatus) for USBD_ReqGetStatus
    usbd_core.o(.text) refers to usbd_core.o(i.USBD_ReqSetClrFeature) for USBD_ReqSetClrFeature
    usbd_core.o(.text) refers to usbd_core.o(i.USBD_ReqGetDescriptor) for USBD_ReqGetDescriptor
    usbd_core.o(.text) refers to usbd_core.o(i.USBD_ReqSetConfiguration) for USBD_ReqSetConfiguration
    usbd_core.o(.text) refers to usbd_core.o(i.USBD_ReqSetInterface) for USBD_ReqSetInterface
    usbd_core.o(.text) refers to usbd_core_hid.o(.text) for USBD_EndPoint0_Setup_HID_ReqToIF
    usbd_core.o(.text) refers to usbd_core.o(.data) for .data
    usbd_core.o(.text) refers to usb_config_usb0.o(.constdata) for usbd_power
    usbd_core.o(.text) refers to usb_config_usb0.o(.constdata) for usbd_max_packet0
    usbd_core.o(.text) refers to usb_config_usb0.o(.data) for USBD_EP0Buf
    usbd_core.o(.text) refers to usb_config_usb0.o(.constdata) for USBD_P_Feature_Event
    usbd_core.o(.text) refers to usb_config_usb0.o(.constdata) for USBD_P_Configure_Event
    usbd_core.o(.text) refers to usb_config_usb0.o(.data) for USBD_AltSetting
    usbd_core.o(.text) refers to usb_config_usb0.o(.constdata) for USBD_P_Interface_Event
    usbd_core_hid.o(.text) refers to usbd_hid.o(.text) for USBD_HID_GetReport
[...]
    printf4.o(i._printf_core) refers to uldiv.o(.text) for __aeabi_uldivmod
    printf5.o(i.__0fprintf$5) refers to printf5.o(i._printf_core) for _printf_core
    printf5.o(i.__0fprintf$5) refers to fputc.o(i.fputc) for fputc
    printf5.o(i.__0printf$5) refers to printf5.o(i._printf_core) for _printf_core
    printf5.o(i.__0printf$5) refers to fputc.o(i.fputc) for fputc
    printf5.o(i.__0printf$5) refers to stdout.o(.data) for __stdout
    printf5.o(i.__0snprintf$5) refers to printf5.o(i._printf_core) for _printf_core
    printf5.o(i.__0snprintf$5) refers to printf5.o(i._snputc) for _snputc
    printf5.o(i.__0sprintf$5) refers to printf5.o(i._printf_core) for _printf_core
    printf5.o(i.__0sprintf$5) refers to printf5.o(i._sputc) for _sputc
    printf5.o(i.__0vfprintf$5) refers to printf5.o(i._printf_core) for _printf_core
    printf5.o(i.__0vfprintf$5) refers to fputc.o(i.fputc) for fputc
    printf5.o(i.__0vprintf$5) refers to printf5.o(i._printf_core) for _printf_core
    printf5.o(i.__0vprintf$5) refers to fputc.o(i.fputc) for fputc
    printf5.o(i.__0vprintf$5) refers to stdout.o(.data) for __stdout
    printf5.o(i.__0vsnprintf$5) refers to printf5.o(i._printf_core) for _printf_core
    printf5.o(i.__0vsnprintf$5) refers to printf5.o(i._snputc) for _snputc
    printf5.o(i.__0vsprintf$5) refers to printf5.o(i._printf_core) for _printf_core
    printf5.o(i.__0vsprintf$5) refers to printf5.o(i._sputc) for _sputc
    printf5.o(i._printf_core) refers to uldiv.o(.text) for __aeabi_uldivmod
    printf6.o(i.__0fprintf$6) refers to printf6.o(i._printf_core) for _printf_core
    printf6.o(i.__0fprintf$6) refers to fputc.o(i.fputc) for fputc
    printf6.o(i.__0printf$6) refers to printf6.o(i._printf_core) for _printf_core
    printf6.o(i.__0printf$6) refers to fputc.o(i.fputc) for fputc
    printf6.o(i.__0printf$6) refers to stdout.o(.data) for __stdout
    printf6.o(i.__0snprintf$6) refers to printf6.o(i._printf_core) for _printf_core
    printf6.o(i.__0snprintf$6) refers to printf6.o(i._snputc) for _snputc
    printf6.o(i.__0sprintf$6) refers to printf6.o(i._printf_core) for _printf_core
    printf6.o(i.__0sprintf$6) refers to printf6.o(i._sputc) for _sputc
    printf6.o(i.__0vfprintf$6) refers to printf6.o(i._printf_core) for _printf_core
    printf6.o(i.__0vfprintf$6) refers to fputc.o(i.fputc) for fputc
    printf6.o(i.__0vprintf$6) refers to printf6.o(i._printf_core) for _printf_core
    printf6.o(i.__0vprintf$6) refers to fputc.o(i.fputc) for fputc
    printf6.o(i.__0vprintf$6) refers to stdout.o(.data) for __stdout
    printf6.o(i.__0vsnprintf$6) refers to printf6.o(i._printf_core) for _printf_core
    printf6.o(i.__0vsnprintf$6) refers to printf6.o(i._snputc) for _snputc
    printf6.o(i.__0vsprintf$6) refers to printf6.o(i._printf_core) for _printf_core
    printf6.o(i.__0vsprintf$6) refers to printf6.o(i._sputc) for _sputc
    printf6.o(i._printf_core) refers to printf6.o(i._printf_pre_padding) for _printf_pre_padding
    printf6.o(i._printf_core) refers to uidiv.o(.text) for __aeabi_uidivmod
    printf6.o(i._printf_core) refers to printf6.o(i._printf_post_padding) for _printf_post_padding
    printf7.o(i.__0fprintf$7) refers to printf7.o(i._printf_core) for _printf_core
    printf7.o(i.__0fprintf$7) refers to fputc.o(i.fputc) for fputc
    printf7.o(i.__0printf$7) refers to printf7.o(i._printf_core) for _printf_core
    printf7.o(i.__0printf$7) refers to fputc.o(i.fputc) for fputc
    printf7.o(i.__0printf$7) refers to stdout.o(.data) for __stdout
    printf7.o(i.__0snprintf$7) refers to printf7.o(i._printf_core) for _printf_core
    printf7.o(i.__0snprintf$7) refers to printf7.o(i._snputc) for _snputc
    printf7.o(i.__0sprintf$7) refers to printf7.o(i._printf_core) for _printf_core
    printf7.o(i.__0sprintf$7) refers to printf7.o(i._sputc) for _sputc
    printf7.o(i.__0vfprintf$7) refers to printf7.o(i._printf_core) for _printf_core
    printf7.o(i.__0vfprintf$7) refers to fputc.o(i.fputc) for fputc
    printf7.o(i.__0vprintf$7) refers to printf7.o(i._printf_core) for _printf_core
    printf7.o(i.__0vprintf$7) refers to fputc.o(i.fputc) for fputc
    printf7.o(i.__0vprintf$7) refers to stdout.o(.data) for __stdout
    printf7.o(i.__0vsnprintf$7) refers to printf7.o(i._printf_core) for _printf_core
    printf7.o(i.__0vsnprintf$7) refers to printf7.o(i._snputc) for _snputc
    printf7.o(i.__0vsprintf$7) refers to printf7.o(i._printf_core) for _printf_core
    printf7.o(i.__0vsprintf$7) refers to printf7.o(i._sputc) for _sputc
    printf7.o(i._printf_core) refers to printf7.o(i._printf_pre_padding) for _printf_pre_padding
    printf7.o(i._printf_core) refers to uldiv.o(.text) for __aeabi_uldivmod
    printf7.o(i._printf_core) refers to printf7.o(i._printf_post_padding) for _printf_post_padding
    printf8.o(i.__0fprintf$8) refers to printf8.o(i._printf_core) for _printf_core
    printf8.o(i.__0fprintf$8) refers to fputc.o(i.fputc) for fputc
    printf8.o(i.__0printf$8) refers to printf8.o(i._printf_core) for _printf_core
    printf8.o(i.__0printf$8) refers to fputc.o(i.fputc) for fputc
    printf8.o(i.__0printf$8) refers to stdout.o(.data) for __stdout
    printf8.o(i.__0snprintf$8) refers to printf8.o(i._printf_core) for _printf_core
    printf8.o(i.__0snprintf$8) refers to printf8.o(i._snputc) for _snputc
    printf8.o(i.__0sprintf$8) refers to printf8.o(i._printf_core) for _printf_core
    printf8.o(i.__0sprintf$8) refers to printf8.o(i._sputc) for _sputc
    printf8.o(i.__0vfprintf$8) refers to printf8.o(i._printf_core) for _printf_core
    printf8.o(i.__0vfprintf$8) refers to fputc.o(i.fputc) for fputc
    printf8.o(i.__0vprintf$8) refers to printf8.o(i._printf_core) for _printf_core
    printf8.o(i.__0vprintf$8) refers to fputc.o(i.fputc) for fputc
    printf8.o(i.__0vprintf$8) refers to stdout.o(.data) for __stdout
    printf8.o(i.__0vsnprintf$8) refers to printf8.o(i._printf_core) for _printf_core
    printf8.o(i.__0vsnprintf$8) refers to printf8.o(i._snputc) for _snputc
    printf8.o(i.__0vsprintf$8) refers to printf8.o(i._printf_core) for _printf_core
    printf8.o(i.__0vsprintf$8) refers to printf8.o(i._sputc) for _sputc
    printf8.o(i._printf_core) refers to printf8.o(i._printf_pre_padding) for _printf_pre_padding
    printf8.o(i._printf_core) refers to uldiv.o(.text) for __aeabi_uldivmod
    printf8.o(i._printf_core) refers to printf8.o(i._printf_post_padding) for _printf_post_padding
    printfa.o(i.__0fprintf) refers (Special) to iusefp.o(.text) for __I$use$fp
    printfa.o(i.__0fprintf) refers to printfa.o(i._printf_core) for _printf_core
    printfa.o(i.__0fprintf) refers to fputc.o(i.fputc) for fputc
    printfa.o(i.__0printf) refers (Special) to iusefp.o(.text) for __I$use$fp
    printfa.o(i.__0printf) refers to printfa.o(i._printf_core) for _printf_core
    printfa.o(i.__0printf) refers to fputc.o(i.fputc) for fputc
    printfa.o(i.__0printf) refers to stdout.o(.data) for __stdout
    printfa.o(i.__0snprintf) refers (Special) to iusefp.o(.text) for __I$use$fp
    printfa.o(i.__0snprintf) refers to printfa.o(i._printf_core) for _printf_core
    printfa.o(i.__0snprintf) refers to printfa.o(i._snputc) for _snputc
    printfa.o(i.__0sprintf) refers (Special) to iusefp.o(.text) for __I$use$fp
    printfa.o(i.__0sprintf) refers to printfa.o(i._printf_core) for _printf_core
    printfa.o(i.__0sprintf) refers to printfa.o(i._sputc) for _sputc
    printfa.o(i.__0vfprintf) refers (Special) to iusefp.o(.text) for __I$use$fp
    printfa.o(i.__0vfprintf) refers to printfa.o(i._printf_core) for _printf_core
    printfa.o(i.__0vfprintf) refers to fputc.o(i.fputc) for fputc
    printfa.o(i.__0vprintf) refers (Special) to iusefp.o(.text) for __I$use$fp
    printfa.o(i.__0vprintf) refers to printfa.o(i._printf_core) for _printf_core
    printfa.o(i.__0vprintf) refers to fputc.o(i.fputc) for fputc
    printfa.o(i.__0vprintf) refers to stdout.o(.data) for __stdout
    printfa.o(i.__0vsnprintf) refers (Special) to iusefp.o(.text) for __I$use$fp
    printfa.o(i.__0vsnprintf) refers to printfa.o(i._printf_core) for _printf_core
    printfa.o(i.__0vsnprintf) refers to printfa.o(i._snputc) for _snputc
    printfa.o(i.__0vsprintf) refers (Special) to iusefp.o(.text) for __I$use$fp
    printfa.o(i.__0vsprintf) refers to printfa.o(i._printf_core) for _printf_core
    printfa.o(i.__0vsprintf) refers to printfa.o(i._sputc) for _sputc
    printfa.o(i._fp_digits) refers (Special) to iusefp.o(.text) for __I$use$fp
    printfa.o(i._fp_digits) refers to dmul.o(.text) for __aeabi_dmul
    printfa.o(i._fp_digits) refers to ddiv.o(.text) for __aeabi_ddiv
    printfa.o(i._fp_digits) refers to cdrcmple.o(.text) for __aeabi_cdrcmple
    printfa.o(i._fp_digits) refers to dadd.o(.text) for __aeabi_dadd
    printfa.o(i._fp_digits) refers to dfixul.o(.text) for __aeabi_d2ulz
    printfa.o(i._fp_digits) refers to uldiv.o(.text) for __aeabi_uldivmod
    printfa.o(i._printf_core) refers (Special) to iusefp.o(.text) for __I$use$fp
    printfa.o(i._printf_core) refers to printfa.o(i._printf_pre_padding) for _printf_pre_padding
    printfa.o(i._printf_core) refers to uldiv.o(.text) for __aeabi_uldivmod
    printfa.o(i._printf_core) refers to printfa.o(i._printf_post_padding) for _printf_post_padding
    printfa.o(i._printf_core) refers to printfa.o(i._fp_digits) for _fp_digits
    printfa.o(i._printf_core) refers to uidiv.o(.text) for __aeabi_uidivmod
    printfa.o(i._printf_post_padding) refers (Special) to iusefp.o(.text) for __I$use$fp
    printfa.o(i._printf_pre_padding) refers (Special) to iusefp.o(.text) for __I$use$fp
    printfa.o(i._snputc) refers (Special) to iusefp.o(.text) for __I$use$fp
    printfa.o(i._sputc) refers (Special) to iusefp.o(.text) for __I$use$fp
    entry2.o(.ARM.Collect$$$$00000001) refers to entry2.o(.ARM.Collect$$$$00002712) for __lit__00000000
    entry2.o(.ARM.Collect$$$$00002712) refers to startup_lpc18xx.o(STACK) for __initial_sp
    entry2.o(__vectab_stack_and_reset_area) refers to startup_lpc18xx.o(STACK) for __initial_sp
    entry2.o(__vectab_stack_and_reset_area) refers to entry.o(.ARM.Collect$$$$00000000) for __main
    entry5.o(.ARM.Collect$$$$00000004) refers to init.o(.text) for __scatterload
    entry9a.o(.ARM.Collect$$$$0000000B) refers to usbd_demo.o(.text) for main
    entry9b.o(.ARM.Collect$$$$0000000C) refers to usbd_demo.o(.text) for main
    fputc.o(i.fputc) refers (Special) to iusesemip.o(.text) for __I$use$semihosting$fputc
    fputc.o(i.fputc) refers (Special) to semi.o(.text) for __semihosting_library_function
    dadd.o(.text) refers to llshl.o(.text) for __aeabi_llsl
    dadd.o(.text) refers to llsshr.o(.text) for __aeabi_lasr
    dadd.o(.text) refers to depilogue.o(.text) for _double_epilogue
    dmul.o(.text) refers to depilogue.o(.text) for _double_epilogue
    ddiv.o(.text) refers to depilogue.o(.text) for _double_round
    dfixul.o(.text) refers to llushr.o(.text) for __aeabi_llsr
    dfixul.o(.text) refers to llshl.o(.text) for __aeabi_llsl
    init.o(.text) refers to entry5.o(.ARM.Collect$$$$00000004) for __main_after_scatterload
    depilogue.o(.text) refers to llshl.o(.text) for __aeabi_llsl
    depilogue.o(.text) refers to llushr.o(.text) for __aeabi_llsr
    usbd_core.o(i.USBD_ReqSetClrFeature) refers to usbd_lpc18xx_usb0.o(.text) for USBD_WakeUpCfg
    usbd_core.o(i.USBD_ReqSetClrFeature) refers to usb_config_usb0.o(.text) for USBD_ReqClrFeature_MSC
    usbd_core.o(i.USBD_ReqSetClrFeature) refers to usbd_core.o(.data) for .data
    usbd_core.o(i.USBD_ReqGetDescriptor) refers to usbd_core_hid.o(.text) for USBD_ReqGetDescriptor_HID
    usbd_core.o(i.USBD_ReqGetDescriptor) refers to usbd_core.o(.data) for .data
    usbd_core.o(i.USBD_ReqGetDescriptor) refers to usb_config_usb0.o(.constdata) for usbd_hs_enable
    usbd_core.o(i.USBD_ReqGetDescriptor) refers to usb_config_usb0.o(.constdata) for USBD_DeviceDescriptor
    usbd_core.o(i.USBD_ReqGetDescriptor) refers to usb_config_usb0.o(.constdata) for USBD_DeviceQualifier_HS
    usbd_core.o(i.USBD_ReqGetDescriptor) refers to usb_config_usb0.o(.constdata) for USBD_DeviceQualifier
    usbd_core.o(i.USBD_ReqGetDescriptor) refers to usb_config_usb0.o(.constdata) for USBD_ConfigDescriptor_HS
    usbd_core.o(i.USBD_ReqGetDescriptor) refers to usb_config_usb0.o(.constdata) for USBD_ConfigDescriptor
    usbd_core.o(i.USBD_ReqGetDescriptor) refers to usb_config_usb0.o(.constdata) for USBD_OtherSpeedConfigDescriptor_HS
    usbd_core.o(i.USBD_ReqGetDescriptor) refers to usb_config_usb0.o(.constdata) for USBD_OtherSpeedConfigDescriptor
    usbd_core.o(i.USBD_ReqGetDescriptor) refers to usb_config_usb0.o(.constdata) for USBD_StringDescriptor
    usbd_core.o(i.USBD_ReqGetDescriptor) refers to usb_config_usb0.o(.constdata) for usbd_max_packet0
    usbd_core.o(i.USBD_ReqSetConfiguration) refers to usbd_lpc18xx_usb0.o(.text) for USBD_DisableEP
    usbd_core.o(i.USBD_ReqSetConfiguration) refers to usbd_core.o(.data) for .data
    usbd_core.o(i.USBD_ReqSetConfiguration) refers to usb_config_usb0.o(.constdata) for usbd_hs_enable
    usbd_core.o(i.USBD_ReqSetConfiguration) refers to usb_config_usb0.o(.constdata) for USBD_ConfigDescriptor_HS
    usbd_core.o(i.USBD_ReqSetConfiguration) refers to usb_config_usb0.o(.constdata) for USBD_ConfigDescriptor
    usbd_core.o(i.USBD_ReqSetConfiguration) refers to usb_config_usb0.o(.data) for USBD_AltSetting
    usbd_core.o(i.USBD_ReqSetConfiguration) refers to usb_config_usb0.o(.constdata) for usbd_if_num
    usbd_core.o(i.USBD_ReqSetInterface) refers to usbd_lpc18xx_usb0.o(.text) for USBD_ConfigEP
    usbd_core.o(i.USBD_ReqSetInterface) refers to usbd_core.o(.data) for .data
    usbd_core.o(i.USBD_ReqSetInterface) refers to usb_config_usb0.o(.constdata) for usbd_hs_enable
    usbd_core.o(i.USBD_ReqSetInterface) refers to usb_config_usb0.o(.constdata) for USBD_ConfigDescriptor_HS
    usbd_core.o(i.USBD_ReqSetInterface) refers to usb_config_usb0.o(.constdata) for USBD_ConfigDescriptor
    usbd_core.o(i.USBD_ReqSetInterface) refers to usb_config_usb0.o(.data) for USBD_AltSetting
    usbd_core.o(i.USBD_ReqGetStatus) refers to usbd_core.o(.data) for .data
    usbd_core.o(i.USBD_ReqGetStatus) refers to usb_config_usb0.o(.data) for USBD_EP0Buf


==============================================================================

Removing Unused input sections from the image.

    Removing startup_lpc18xx.o(HEAP), (2048 bytes).
    Removing system_lpc18xx.o(.rev16_text), (4 bytes).
    Removing system_lpc18xx.o(.revsh_text), (4 bytes).
    Removing usb_config_usb0.o(.constdata), (1 bytes).
    Removing usb_config_usb0.o(.constdata), (2 bytes).
    Removing usb_config_usb0.o(.constdata), (4 bytes).
    Removing usb_config_usb0.o(.constdata), (4 bytes).
    Removing usb_config_usb0.o(.constdata), (4 bytes).
    Removing usbd_lpc18xx_usb0.o(.rev16_text), (4 bytes).
    Removing usbd_lpc18xx_usb0.o(.revsh_text), (4 bytes).
    Removing glcd_lpc18xx.o(.rev16_text), (4 bytes).
    Removing glcd_lpc18xx.o(.revsh_text), (4 bytes).
    Removing led_lpc18xx.o(.rev16_text), (4 bytes).
    Removing led_lpc18xx.o(.revsh_text), (4 bytes).
    Removing led_lpc18xx.o(.text), (200 bytes).
    Removing led_lpc18xx.o(.constdata), (32 bytes).
    Removing kbd_lpc18xx.o(.rev16_text), (4 bytes).
    Removing kbd_lpc18xx.o(.revsh_text), (4 bytes).
    Removing kbd_lpc18xx.o(.text), (188 bytes).
    Removing dap.o(.rev16_text), (4 bytes).
    Removing dap.o(.revsh_text), (4 bytes).
    Removing usbd_user_hid.o(.rev16_text), (4 bytes).
    Removing usbd_user_hid.o(.revsh_text), (4 bytes).
    Removing usbd_demo.o(.rev16_text), (4 bytes).
    Removing usbd_demo.o(.revsh_text), (4 bytes).
    Removing sw_dp.o(.rev16_text), (4 bytes).
    Removing sw_dp.o(.revsh_text), (4 bytes).
    Removing usbd_core.o(.emb_text), (0 bytes).
    Removing dadd.o(.text), (334 bytes).
    Removing dmul.o(.text), (228 bytes).
    Removing ddiv.o(.text), (222 bytes).
    Removing dfixul.o(.text), (48 bytes).
    Removing cdrcmple.o(.text), (40 bytes).
    Removing depilogue.o(.text), (190 bytes).

34 unused section(s) (total 3617 bytes) removed from the image.

==============================================================================

Adding Veneers to the image

    Adding TT veneer (10 bytes, Long) for call to 'usbd_hid_init' from usb_config_usb0.o(.text).
    Adding TT veneer (10 bytes, Long) for call to 'usbd_reset_core' from usbd_lpc18xx_usb0.o(.text).
    Adding TT veneer (10 bytes, Long) for call to 'usbd_init' from usbd_demo.o(.text).
    Adding TT veneer (10 bytes, Long) for call to 'usbd_connect' from usbd_demo.o(.text).
    Adding TT veneer (10 bytes, Long) for call to 'usbd_hid_process' from usbd_demo.o(.text).
    Adding TT veneer (10 bytes, Long) for call to 'USBD_DataInStage' from usbd_core_hid.o(.text).
    Adding TT veneer (10 bytes, Long) for call to 'USBD_StatusInStage' from usbd_core_hid.o(.text).
    Adding TT veneer (10 bytes, Long) for call to 'usbd_hid_get_report' from usbd_hid.o(.text).
    Adding TT veneer (10 bytes, Long) for call to 'usbd_hid_set_report' from usbd_hid.o(.text).
    Adding TT veneer (10 bytes, Long) for call to '_printf_core' from printf1.o(i.__0sprintf$1).
    Adding TT veneer (10 bytes, Long) for call to '__aeabi_memcpy' from usbd_user_hid.o(.text).
    Adding TT veneer (10 bytes, Long) for call to 'DAP_ProcessCommand' from usbd_user_hid.o(.text).
    Adding TT veneer (10 bytes, Long) for call to 'usbd_hid_get_report_trigger' from usbd_user_hid.o(.text).
    Adding TT veneer (10 bytes, Long) for call to 'usbd_class_init' from usbd_core.o(.text).
    Adding TT veneer (10 bytes, Long) for call to 'USBD_RTX_TaskInit' from usbd_core.o(.text).
    Adding TT veneer (10 bytes, Long) for call to 'USBD_Init' from usbd_core.o(.text).
    Adding TT veneer (10 bytes, Long) for call to 'USBD_Connect' from usbd_core.o(.text).
    Adding TT veneer (10 bytes, Long) for call to 'USBD_ReadEP' from usbd_core.o(.text).
    Adding TT veneer (10 bytes, Long) for call to 'USBD_WriteEP' from usbd_core.o(.text).
    Adding TT veneer (10 bytes, Long) for call to 'USBD_DirCtrlEP' from usbd_core.o(.text).
    Adding TT veneer (10 bytes, Long) for call to 'USBD_SetAddress' from usbd_core.o(.text).
    Adding TT veneer (10 bytes, Long) for call to 'USBD_ReqSetConfiguration' from usbd_core.o(.text).
    Adding TT veneer (10 bytes, Long) for call to 'USBD_ReqSetInterface' from usbd_core.o(.text).
    Adding TT veneer (10 bytes, Long) for call to 'USBD_EndPoint0_Setup_HID_ReqToIF' from usbd_core.o(.text).
    Adding TT veneer (10 bytes, Long) for call to 'USBD_EndPoint0_Setup_MSC_ReqToIF' from usbd_core.o(.text).
    Adding TT veneer (10 bytes, Long) for call to 'USBD_EndPoint0_Setup_CDC_ReqToIF' from usbd_core.o(.text).
    Adding TT veneer (10 bytes, Long) for call to 'USBD_SetStallEP' from usbd_core.o(.text).
    Adding TT veneer (10 bytes, Long) for call to 'USBD_EndPoint0_Out_HID_ReqToIF' from usbd_core.o(.text).
    Adding TT veneer (10 bytes, Long) for call to 'USBD_EndPoint0_Out_CDC_ReqToIF' from usbd_core.o(.text).
    Adding TT veneer (10 bytes, Long) for call to 'USBD_ClrStallEP' from usbd_core.o(.text).
    Adding TT veneer (10 bytes, Long) for call to '__aeabi_llsr' from uldiv.o(.text).
    Adding TT veneer (10 bytes, Long) for call to 'USBD_ReqGetDescriptor_HID' from usbd_core.o(i.USBD_ReqGetDescriptor).
    Adding TT veneer (10 bytes, Long) for call to 'USBD_WakeUpCfg' from usbd_core.o(i.USBD_ReqSetClrFeature).
    Adding TT veneer (10 bytes, Long) for call to 'USBD_ReqClrFeature_MSC' from usbd_core.o(i.USBD_ReqSetClrFeature).
    Adding TT veneer (10 bytes, Long) for call to '__aeabi_uidivmod' from printf1.o(i._printf_core).

35 Veneer(s) (total 350 bytes) added to the image.

==============================================================================

Image Symbol Table

    Local Symbols

    Symbol Name                              Value     Ov Type        Size  Object(Section)

    ../clib/microlib/division.c              0x00000000   Number         0  uidiv.o ABSOLUTE
    ../clib/microlib/division.c              0x00000000   Number         0  uldiv.o ABSOLUTE
    ../clib/microlib/init/entry.s            0x00000000   Number         0  entry11b.o ABSOLUTE
    ../clib/microlib/init/entry.s            0x00000000   Number         0  entry8a.o ABSOLUTE
    ../clib/microlib/init/entry.s            0x00000000   Number         0  entry7b.o ABSOLUTE
    ../clib/microlib/init/entry.s            0x00000000   Number         0  entry7a.o ABSOLUTE
    ../clib/microlib/init/entry.s            0x00000000   Number         0  entry5.o ABSOLUTE
    ../clib/microlib/init/entry.s            0x00000000   Number         0  entry.o ABSOLUTE
    ../clib/microlib/init/entry.s            0x00000000   Number         0  entry11a.o ABSOLUTE
    ../clib/microlib/init/entry.s            0x00000000   Number         0  entry10b.o ABSOLUTE
    ../clib/microlib/init/entry.s            0x00000000   Number         0  entry10a.o ABSOLUTE
    ../clib/microlib/init/entry.s            0x00000000   Number         0  entry9b.o ABSOLUTE
    ../clib/microlib/init/entry.s            0x00000000   Number         0  entry9a.o ABSOLUTE
    ../clib/microlib/init/entry.s            0x00000000   Number         0  entry2.o ABSOLUTE
    ../clib/microlib/init/entry.s            0x00000000   Number         0  entry8b.o ABSOLUTE
    ../clib/microlib/longlong.c              0x00000000   Number         0  llsshr.o ABSOLUTE
    ../clib/microlib/longlong.c              0x00000000   Number         0  llushr.o ABSOLUTE
    ../clib/microlib/longlong.c              0x00000000   Number         0  llshl.o ABSOLUTE
    ../clib/microlib/printf/printf.c         0x00000000   Number         0  printf0.o ABSOLUTE
    ../clib/microlib/printf/printf.c         0x00000000   Number         0  printfb.o ABSOLUTE
    ../clib/microlib/printf/printf.c         0x00000000   Number         0  printf5.o ABSOLUTE
    ../clib/microlib/printf/printf.c         0x00000000   Number         0  printf1.o ABSOLUTE
    ../clib/microlib/printf/printf.c         0x00000000   Number         0  printf2.o ABSOLUTE
    ../clib/microlib/printf/printf.c         0x00000000   Number         0  printf3.o ABSOLUTE
    ../clib/microlib/printf/printf.c         0x00000000   Number         0  printf4.o ABSOLUTE
    ../clib/microlib/printf/printf.c         0x00000000   Number         0  printf6.o ABSOLUTE
    ../clib/microlib/printf/printf.c         0x00000000   Number         0  printf7.o ABSOLUTE
    ../clib/microlib/printf/printf.c         0x00000000   Number         0  printf8.o ABSOLUTE
    ../clib/microlib/printf/printf.c         0x00000000   Number         0  printfa.o ABSOLUTE
    ../clib/microlib/printf/stubs.s          0x00000000   Number         0  stubs.o ABSOLUTE
    ../clib/microlib/stdio/fputc.c           0x00000000   Number         0  fputc.o ABSOLUTE
    ../clib/microlib/stdio/semi.s            0x00000000   Number         0  semi.o ABSOLUTE
    ../clib/microlib/stdio/streams.c         0x00000000   Number         0  stdout.o ABSOLUTE
    ../clib/microlib/string/memcpy.c         0x00000000   Number         0  memcpyb.o ABSOLUTE
    ../clib/microlib/string/memcpy.c         0x00000000   Number         0  memcpya.o ABSOLUTE
    ../clib/microlib/stubs.s                 0x00000000   Number         0  iusesemip.o ABSOLUTE
    ../clib/microlib/stubs.s                 0x00000000   Number         0  iusefp.o ABSOLUTE
    ../fplib/microlib/fpadd.c                0x00000000   Number         0  dadd.o ABSOLUTE
    ../fplib/microlib/fpdiv.c                0x00000000   Number         0  ddiv.o ABSOLUTE
    ../fplib/microlib/fpepilogue.c           0x00000000   Number         0  depilogue.o ABSOLUTE
    ../fplib/microlib/fpfix.c                0x00000000   Number         0  dfixul.o ABSOLUTE
    ../fplib/microlib/fpmul.c                0x00000000   Number         0  dmul.o ABSOLUTE
    GLCD_LPC18xx.c                           0x00000000   Number         0  glcd_lpc18xx.o ABSOLUTE
    GLCD_LPC18xx.c                           0x00000000   Number         0  glcd_lpc18xx.o ABSOLUTE
    KBD_LPC18xx.c                            0x00000000   Number         0  kbd_lpc18xx.o ABSOLUTE
    KBD_LPC18xx.c                            0x00000000   Number         0  kbd_lpc18xx.o ABSOLUTE
    LED_LPC18xx.c                            0x00000000   Number         0  led_lpc18xx.o ABSOLUTE
    LED_LPC18xx.c                            0x00000000   Number         0  led_lpc18xx.o ABSOLUTE
    USBD_Demo.c                              0x00000000   Number         0  usbd_demo.o ABSOLUTE
    USBD_Demo.c                              0x00000000   Number         0  usbd_demo.o ABSOLUTE
    USBStack\SRC\usbd_core.c                 0x00000000   Number         0  usbd_core.o ABSOLUTE
    USBStack\SRC\usbd_core_hid.c             0x00000000   Number         0  usbd_core_hid.o ABSOLUTE
    USBStack\SRC\usbd_hid.c                  0x00000000   Number         0  usbd_hid.o ABSOLUTE
    USBStack\\SRC\\usbd_core.c               0x00000000   Number         0  usbd_core.o ABSOLUTE
    app\DAP.c                                0x00000000   Number         0  dap.o ABSOLUTE
    app\SW_DP.c                              0x00000000   Number         0  sw_dp.o ABSOLUTE
    app\\DAP.c                               0x00000000   Number         0  dap.o ABSOLUTE
    app\\SW_DP.c                             0x00000000   Number         0  sw_dp.o ABSOLUTE
    app\\usbd_user_hid.c                     0x00000000   Number         0  usbd_user_hid.o ABSOLUTE
    app\usbd_user_hid.c                      0x00000000   Number         0  usbd_user_hid.o ABSOLUTE
    cdrcmple.s                               0x00000000   Number         0  cdrcmple.o ABSOLUTE
    dc.s                                     0x00000000   Number         0  dc.o ABSOLUTE
    handlers.s                               0x00000000   Number         0  handlers.o ABSOLUTE
    init.s                                   0x00000000   Number         0  init.o ABSOLUTE
    startup_LPC18xx.s                        0x00000000   Number         0  startup_lpc18xx.o ABSOLUTE
    system_LPC18xx.c                         0x00000000   Number         0  system_lpc18xx.o ABSOLUTE
    system_LPC18xx.c                         0x00000000   Number         0  system_lpc18xx.o ABSOLUTE
    usb_config_USB0.c                        0x00000000   Number         0  usb_config_usb0.o ABSOLUTE
    usbd_LPC18xx_USB0.c                      0x00000000   Number         0  usbd_lpc18xx_usb0.o ABSOLUTE
    usbd_LPC18xx_USB0.c                      0x00000000   Number         0  usbd_lpc18xx_usb0.o ABSOLUTE
    RESET                                    0x1a000000   Section      276  startup_lpc18xx.o(RESET)
    .ARM.Collect$$$$00000000                 0x1a000114   Section        0  entry.o(.ARM.Collect$$$$00000000)
    .ARM.Collect$$$$00000001                 0x1a000114   Section        4  entry2.o(.ARM.Collect$$$$00000001)
    .ARM.Collect$$$$00000004                 0x1a000118   Section        4  entry5.o(.ARM.Collect$$$$00000004)
    .ARM.Collect$$$$00000008                 0x1a00011c   Section        0  entry7b.o(.ARM.Collect$$$$00000008)
    .ARM.Collect$$$$0000000A                 0x1a00011c   Section        0  entry8b.o(.ARM.Collect$$$$0000000A)
    .ARM.Collect$$$$0000000B                 0x1a00011c   Section        8  entry9a.o(.ARM.Collect$$$$0000000B)
    .ARM.Collect$$$$0000000D                 0x1a000124   Section        0  entry10a.o(.ARM.Collect$$$$0000000D)
    .ARM.Collect$$$$0000000F                 0x1a000124   Section        0  entry11a.o(.ARM.Collect$$$$0000000F)
    .ARM.Collect$$$$00002712                 0x1a000124   Section        4  entry2.o(.ARM.Collect$$$$00002712)
    __lit__00000000                          0x1a000124   Data           4  entry2.o(.ARM.Collect$$$$00002712)
    .text                                    0x1a000128   Section        0  usb_config_usb0.o(.text)
    .text                                    0x1a00017c   Section        0  usbd_lpc18xx_usb0.o(.text)
    .text                                    0x1a0008c4   Section        0  glcd_lpc18xx.o(.text)
    wr_reg                                   0x1a0008c5   Thumb Code    40  glcd_lpc18xx.o(.text)
    delay                                    0x1a000eff   Thumb Code     8  glcd_lpc18xx.o(.text)
    spi_tran                                 0x1a000f07   Thumb Code    16  glcd_lpc18xx.o(.text)
    wr_cmd                                   0x1a000f17   Thumb Code    36  glcd_lpc18xx.o(.text)
    .text                                    0x1a000f50   Section        0  dap.o(.text)
    DAP_SWJ_Pins                             0x1a000f5b   Thumb Code   204  dap.o(.text)
    DAP_SWD_Transfer                         0x1a001027   Thumb Code   704  dap.o(.text)
    DAP_SWD_TransferBlock                    0x1a0012e7   Thumb Code   300  dap.o(.text)
    PIN_DELAY_SLOW                           0x1a0015f1   Thumb Code    12  dap.o(.text)
    .text                                    0x1a00161c   Section        0  usbd_demo.o(.text)
    .text                                    0x1a0016d4   Section        0  sw_dp.o(.text)
    PIN_SWDIO_IN                             0x1a001ce9   Thumb Code    10  sw_dp.o(.text)
    PIN_SWDIO_OUT                            0x1a001cf3   Thumb Code    22  sw_dp.o(.text)
    PIN_SWDIO_OUT_ENABLE                     0x1a001d09   Thumb Code    18  sw_dp.o(.text)
    PIN_SWDIO_OUT_DISABLE                    0x1a001d1b   Thumb Code    18  sw_dp.o(.text)
    PIN_DELAY_SLOW                           0x1a001d2d   Thumb Code    12  sw_dp.o(.text)
    .text                                    0x1a001d48   Section        0  usbd_core_hid.o(.text)
    .text                                    0x1a001e90   Section        0  usbd_hid.o(.text)
    .text                                    0x1a0022f8   Section        0  memcpya.o(.text)
    .text                                    0x1a00231c   Section        0  uidiv.o(.text)
    .text                                    0x1a002348   Section        0  llushr.o(.text)
    .text                                    0x1a002368   Section       36  init.o(.text)
    Long Thumb to Thumb Veneer to _printf_core 0x1a0023e7   Thumb Code    10  anon$$obj.o(Veneer$$Code)
    i.USBD_ReqSetConfiguration               0x1a0023f0   Section        0  usbd_core.o(i.USBD_ReqSetConfiguration)
    i.USBD_ReqSetInterface                   0x1a002580   Section        0  usbd_core.o(i.USBD_ReqSetInterface)
    i.__0sprintf$1                           0x1a0026ac   Section        0  printf1.o(i.__0sprintf$1)
    i.__scatterload_copy                     0x1a0026d4   Section       14  handlers.o(i.__scatterload_copy)
    i.__scatterload_null                     0x1a0026e2   Section        2  handlers.o(i.__scatterload_null)
    i.__scatterload_zeroinit                 0x1a0026e4   Section       14  handlers.o(i.__scatterload_zeroinit)
    i._sputc                                 0x1a0026f2   Section        0  printf1.o(i._sputc)
    _sputc                                   0x1a0026f3   Thumb Code    10  printf1.o(i._sputc)
    .constdata                               0x1a0026fc   Section       20  system_lpc18xx.o(.constdata)
    .constdata                               0x1a002710   Section        1  usb_config_usb0.o(.constdata)
    .constdata                               0x1a002712   Section        2  usb_config_usb0.o(.constdata)
    .constdata                               0x1a002714   Section        1  usb_config_usb0.o(.constdata)
    .constdata                               0x1a002715   Section        1  usb_config_usb0.o(.constdata)
    .constdata                               0x1a002716   Section        4  usb_config_usb0.o(.constdata)
    .constdata                               0x1a00271a   Section        1  usb_config_usb0.o(.constdata)
    .constdata                               0x1a00271c   Section        2  usb_config_usb0.o(.constdata)
    .constdata                               0x1a002720   Section        4  usb_config_usb0.o(.constdata)
    .constdata                               0x1a002724   Section        4  usb_config_usb0.o(.constdata)
    .constdata                               0x1a002728   Section        4  usb_config_usb0.o(.constdata)
    .constdata                               0x1a00272c   Section        4  usb_config_usb0.o(.constdata)
    .constdata                               0x1a002730   Section        2  usb_config_usb0.o(.constdata)
    .constdata                               0x1a002732   Section       10  usb_config_usb0.o(.constdata)
    .constdata                               0x1a00273c   Section       42  usb_config_usb0.o(.constdata)
    .constdata                               0x1a002766   Section       42  usb_config_usb0.o(.constdata)
    .constdata                               0x1a002790   Section      118  usb_config_usb0.o(.constdata)
    .text                                    0x1b000000   Section       36  startup_lpc18xx.o(.text)
    .text                                    0x1b000024   Section        0  system_lpc18xx.o(.text)
    WaitUs                                   0x1b0000b9   Thumb Code    50  system_lpc18xx.o(.text)
    .text                                    0x1b000634   Section        0  usbd_user_hid.o(.text)
    .text                                    0x1b000770   Section        0  usbd_core.o(.text)
    .text                                    0x1b0009e8   Section        0  uldiv.o(.text)
    .text                                    0x1b000a4a   Section        0  llshl.o(.text)
    i.USBD_ReqGetDescriptor                  0x1b000b64   Section        0  usbd_core.o(i.USBD_ReqGetDescriptor)
    i.USBD_ReqGetStatus                      0x1b000c98   Section        0  usbd_core.o(i.USBD_ReqGetStatus)
    i.USBD_ReqSetClrFeature                  0x1b000d14   Section        0  usbd_core.o(i.USBD_ReqSetClrFeature)
    i._printf_core                           0x1b000db4   Section        0  printf1.o(i._printf_core)
    _printf_core                             0x1b000db5   Thumb Code   334  printf1.o(i._printf_core)
    .constdata                               0x1b000f08   Section        1  usb_config_usb0.o(.constdata)
    .constdata                               0x1b000f09   Section        1  usb_config_usb0.o(.constdata)
    .constdata                               0x1b000f0a   Section        1  usb_config_usb0.o(.constdata)
    .constdata                               0x1b000f0c   Section        4  usb_config_usb0.o(.constdata)
    .constdata                               0x1b000f10   Section        1  usb_config_usb0.o(.constdata)
    .constdata                               0x1b000f12   Section        2  usb_config_usb0.o(.constdata)
    .constdata                               0x1b000f14   Section        4  usb_config_usb0.o(.constdata)
    .constdata                               0x1b000f18   Section        4  usb_config_usb0.o(.constdata)
    .constdata                               0x1b000f1c   Section        4  usb_config_usb0.o(.constdata)
    .constdata                               0x1b000f20   Section       64  usb_config_usb0.o(.constdata)
    .constdata                               0x1b000f60   Section        4  usb_config_usb0.o(.constdata)
    .constdata                               0x1b000f64   Section       33  usb_config_usb0.o(.constdata)
    .constdata                               0x1b000f86   Section        2  usb_config_usb0.o(.constdata)
    .constdata                               0x1b000f88   Section       18  usb_config_usb0.o(.constdata)
    .constdata                               0x1b000f9a   Section       10  usb_config_usb0.o(.constdata)
    .constdata                               0x1b000fa4   Section       42  usb_config_usb0.o(.constdata)
    .constdata                               0x1b000fce   Section       42  usb_config_usb0.o(.constdata)
    .constdata                               0x1b000ff8   Section     6272  glcd_lpc18xx.o(.constdata)
    .constdata                               0x1b002878   Section        4  dap.o(.constdata)
    .data                                    0x20000000   Section        4  system_lpc18xx.o(.data)
    .data                                    0x20000004   Section        1  usb_config_usb0.o(.data)
    .data                                    0x20000005   Section        8  usb_config_usb0.o(.data)
    .data                                    0x2000000e   Section        2  usb_config_usb0.o(.data)
    .data                                    0x20000010   Section        1  usb_config_usb0.o(.data)
    .data                                    0x20000011   Section        1  usb_config_usb0.o(.data)
    .data                                    0x20000012   Section        1  usb_config_usb0.o(.data)
    .data                                    0x20000013   Section        2  usb_config_usb0.o(.data)
    .data                                    0x20000018   Section       12  usbd_lpc18xx_usb0.o(.data)
    .data                                    0x20000024   Section        8  glcd_lpc18xx.o(.data)
    fb                                       0x20000024   Data           4  glcd_lpc18xx.o(.data)
    Color                                    0x20000028   Data           4  glcd_lpc18xx.o(.data)
    .data                                    0x2000002c   Section        1  dap.o(.data)
    .data                                    0x20000030   Section       20  usbd_user_hid.o(.data)
    USB_RequestFlag                          0x20000030   Data           1  usbd_user_hid.o(.data)
    USB_ResponseIdle                         0x20000031   Data           1  usbd_user_hid.o(.data)
    USB_ResponseFlag                         0x20000032   Data           1  usbd_user_hid.o(.data)
    USB_RequestIn                            0x20000034   Data           4  usbd_user_hid.o(.data)
    USB_RequestOut                           0x20000038   Data           4  usbd_user_hid.o(.data)
    USB_ResponseIn                           0x2000003c   Data           4  usbd_user_hid.o(.data)
    USB_ResponseOut                          0x20000040   Data           4  usbd_user_hid.o(.data)
    .data                                    0x20000044   Section       36  usbd_core.o(.data)
    .data                                    0x20000068   Section       36  usbd_hid.o(.data)
    cnt_for_4ms                              0x20000068   Data           1  usbd_hid.o(.data)
    .bss                                     0x2000008c   Section       65  usb_config_usb0.o(.bss)
    .bss                                     0x200000cd   Section       65  usb_config_usb0.o(.bss)
    .bss                                     0x20001000   Section     4240  usbd_lpc18xx_usb0.o(.bss)
    .bss                                     0x20002090   Section       24  dap.o(.bss)
    .bss                                     0x200020a8   Section     8192  usbd_user_hid.o(.bss)
    USB_Request                              0x200020a8   Data        4096  usbd_user_hid.o(.bss)
    USB_Response                             0x200030a8   Data        4096  usbd_user_hid.o(.bss)
    STACK                                    0x200040a8   Section     1024  startup_lpc18xx.o(STACK)

    Global Symbols

    Symbol Name                              Value     Ov Type        Size  Object(Section)

    BuildAttributes$$THM_ISAv4$P$D$K$B$S$PE$A:L22UL41UL21$X:L11$S22US41US21$IEEE1$IW$USESV6$~STKCKD$USESV7$~SHL$OSPACE$ROPI$EBA8$MICROLIB$REQ8$PRES8$EABIv2 0x00000000   Number         0  anon$$obj.o ABSOLUTE
    __ARM_use_no_argv                        0x00000000   Number         0  usbd_demo.o ABSOLUTE
    _printf_a                                0x00000000   Number         0  stubs.o ABSOLUTE
    _printf_c                                0x00000000   Number         0  stubs.o ABSOLUTE
    _printf_charcount                        0x00000000   Number         0  stubs.o ABSOLUTE
    _printf_d                                0x00000000   Number         0  stubs.o ABSOLUTE
    _printf_e                                0x00000000   Number         0  stubs.o ABSOLUTE
    _printf_f                                0x00000000   Number         0  stubs.o ABSOLUTE
    _printf_flags                            0x00000000   Number         0  stubs.o ABSOLUTE
    _printf_fp_dec                           0x00000000   Number         0  stubs.o ABSOLUTE
    _printf_fp_hex                           0x00000000   Number         0  stubs.o ABSOLUTE
    _printf_g                                0x00000000   Number         0  stubs.o ABSOLUTE
    _printf_i                                0x00000000   Number         0  stubs.o ABSOLUTE
    _printf_int_dec                          0x00000000   Number         0  stubs.o ABSOLUTE
    _printf_l                                0x00000000   Number         0  stubs.o ABSOLUTE
    _printf_lc                               0x00000000   Number         0  stubs.o ABSOLUTE
    _printf_ll                               0x00000000   Number         0  stubs.o ABSOLUTE
    _printf_lld                              0x00000000   Number         0  stubs.o ABSOLUTE
    _printf_lli                              0x00000000   Number         0  stubs.o ABSOLUTE
    _printf_llo                              0x00000000   Number         0  stubs.o ABSOLUTE
    _printf_llu                              0x00000000   Number         0  stubs.o ABSOLUTE
    _printf_llx                              0x00000000   Number         0  stubs.o ABSOLUTE
    _printf_longlong_dec                     0x00000000   Number         0  stubs.o ABSOLUTE
    _printf_longlong_hex                     0x00000000   Number         0  stubs.o ABSOLUTE
    _printf_longlong_oct                     0x00000000   Number         0  stubs.o ABSOLUTE
    _printf_ls                               0x00000000   Number         0  stubs.o ABSOLUTE
    _printf_mbtowc                           0x00000000   Number         0  stubs.o ABSOLUTE
    _printf_n                                0x00000000   Number         0  stubs.o ABSOLUTE
    _printf_o                                0x00000000   Number         0  stubs.o ABSOLUTE
    _printf_p                                0x00000000   Number         0  stubs.o ABSOLUTE
    _printf_percent                          0x00000000   Number         0  stubs.o ABSOLUTE
    _printf_pre_padding                      0x00000000   Number         0  stubs.o ABSOLUTE
    _printf_return_value                     0x00000000   Number         0  stubs.o ABSOLUTE
    _printf_s                                0x00000000   Number         0  stubs.o ABSOLUTE
    _printf_sizespec                         0x00000000   Number         0  stubs.o ABSOLUTE
    _printf_str                              0x00000000   Number         0  stubs.o ABSOLUTE
    _printf_truncate_signed                  0x00000000   Number         0  stubs.o ABSOLUTE
    _printf_truncate_unsigned                0x00000000   Number         0  stubs.o ABSOLUTE
    _printf_u                                0x00000000   Number         0  stubs.o ABSOLUTE
    _printf_wc                               0x00000000   Number         0  stubs.o ABSOLUTE
    _printf_wctomb                           0x00000000   Number         0  stubs.o ABSOLUTE
    _printf_widthprec                        0x00000000   Number         0  stubs.o ABSOLUTE
    _printf_x                                0x00000000   Number         0  stubs.o ABSOLUTE
    USBD_EndPoint10                           - Undefined Weak Reference
    USBD_EndPoint11                           - Undefined Weak Reference
    USBD_EndPoint12                           - Undefined Weak Reference
    USBD_EndPoint13                           - Undefined Weak Reference
    USBD_EndPoint14                           - Undefined Weak Reference
    USBD_EndPoint15                           - Undefined Weak Reference
    USBD_EndPoint2                            - Undefined Weak Reference
    USBD_EndPoint3                            - Undefined Weak Reference
    USBD_EndPoint4                            - Undefined Weak Reference
    USBD_EndPoint5                            - Undefined Weak Reference
    USBD_EndPoint6                            - Undefined Weak Reference
    USBD_EndPoint7                            - Undefined Weak Reference
    USBD_EndPoint8                            - Undefined Weak Reference
    USBD_EndPoint9                            - Undefined Weak Reference
    USBD_Error_Event                          - Undefined Weak Reference
    USBD_Feature_Event                        - Undefined Weak Reference
    USBD_Interface_Event                      - Undefined Weak Reference
    USBD_Power_Event                          - Undefined Weak Reference
    USBD_Reset_Event                          - Undefined Weak Reference
    USBD_Resume_Event                         - Undefined Weak Reference
    USBD_Suspend_Event                        - Undefined Weak Reference
    USBD_WakeUp_Event                         - Undefined Weak Reference
    __cpp_initialize__aeabi_                  - Undefined Weak Reference
    __cxa_finalize                            - Undefined Weak Reference
    __decompress                              - Undefined Weak Reference
    _clock_init                               - Undefined Weak Reference
    _microlib_exit                            - Undefined Weak Reference
    __RL_USBD_VER                            0x00000470   Number         0  usbd_core.o ABSOLUTE
    __Vectors                                0x1a000000   Data           4  startup_lpc18xx.o(RESET)
    __main                                   0x1a000115   Thumb Code     0  entry.o(.ARM.Collect$$$$00000000)
    _main_stk                                0x1a000115   Thumb Code     0  entry2.o(.ARM.Collect$$$$00000001)
    _main_scatterload                        0x1a000119   Thumb Code     0  entry5.o(.ARM.Collect$$$$00000004)
    __main_after_scatterload                 0x1a00011d   Thumb Code     0  entry5.o(.ARM.Collect$$$$00000004)
    _main_clock                              0x1a00011d   Thumb Code     0  entry7b.o(.ARM.Collect$$$$00000008)
    _main_cpp_init                           0x1a00011d   Thumb Code     0  entry8b.o(.ARM.Collect$$$$0000000A)
    _main_init                               0x1a00011d   Thumb Code     0  entry9a.o(.ARM.Collect$$$$0000000B)
    __rt_final_cpp                           0x1a000125   Thumb Code     0  entry10a.o(.ARM.Collect$$$$0000000D)
    __rt_final_exit                          0x1a000125   Thumb Code     0  entry11a.o(.ARM.Collect$$$$0000000F)
    USBD_Configure_Event                     0x1a000129   Thumb Code     4  usb_config_usb0.o(.text)
    USBD_ReqClrFeature_MSC                   0x1a00012d   Thumb Code     2  usb_config_usb0.o(.text)
    USBD_EndPoint0_Setup_MSC_ReqToIF         0x1a00012f   Thumb Code     4  usb_config_usb0.o(.text)
    USBD_EndPoint0_Out_MSC_ReqToIF           0x1a000133   Thumb Code     4  usb_config_usb0.o(.text)
    USBD_EndPoint0_Setup_ADC_ReqToIF         0x1a000137   Thumb Code     4  usb_config_usb0.o(.text)
    USBD_EndPoint0_Setup_ADC_ReqToEP         0x1a00013b   Thumb Code     4  usb_config_usb0.o(.text)
    USBD_EndPoint0_Out_ADC_ReqToIF           0x1a00013f   Thumb Code     4  usb_config_usb0.o(.text)
    USBD_EndPoint0_Out_ADC_ReqToEP           0x1a000143   Thumb Code     4  usb_config_usb0.o(.text)
    USBD_EndPoint0_Setup_CDC_ReqToIF         0x1a000147   Thumb Code     4  usb_config_usb0.o(.text)
    USBD_EndPoint0_Out_CDC_ReqToIF           0x1a00014b   Thumb Code     4  usb_config_usb0.o(.text)
    USBD_EndPoint0_Setup_CLS_ReqToDEV        0x1a00014f   Thumb Code     4  usb_config_usb0.o(.text)
    USBD_EndPoint0_Setup_CLS_ReqToIF         0x1a000153   Thumb Code     4  usb_config_usb0.o(.text)
    USBD_EndPoint0_Setup_CLS_ReqToEP         0x1a000157   Thumb Code     4  usb_config_usb0.o(.text)
    USBD_EndPoint0_Out_CLS_ReqToDEV          0x1a00015b   Thumb Code     4  usb_config_usb0.o(.text)
    USBD_EndPoint0_Out_CLS_ReqToIF           0x1a00015f   Thumb Code     4  usb_config_usb0.o(.text)
    USBD_EndPoint0_Out_CLS_ReqToEP           0x1a000163   Thumb Code     4  usb_config_usb0.o(.text)
    USBD_SOF_Event                           0x1a000167   Thumb Code     4  usb_config_usb0.o(.text)
    usbd_os_evt_set                          0x1a00016b   Thumb Code     2  usb_config_usb0.o(.text)
    usbd_os_evt_get                          0x1a00016d   Thumb Code     4  usb_config_usb0.o(.text)
    usbd_os_evt_wait_or                      0x1a000171   Thumb Code     4  usb_config_usb0.o(.text)
    usbd_class_init                          0x1a000175   Thumb Code     4  usb_config_usb0.o(.text)
    USBD_RTX_TaskInit                        0x1a000179   Thumb Code     2  usb_config_usb0.o(.text)
    USBD_Intr                                0x1a00017d   Thumb Code    22  usbd_lpc18xx_usb0.o(.text)
    USBD_PrimeEp                             0x1a000193   Thumb Code   136  usbd_lpc18xx_usb0.o(.text)
    USBD_Reset                               0x1a00021b   Thumb Code   188  usbd_lpc18xx_usb0.o(.text)
    USBD_Init                                0x1a0002d7   Thumb Code   152  usbd_lpc18xx_usb0.o(.text)
    USBD_Connect                             0x1a00036f   Thumb Code    26  usbd_lpc18xx_usb0.o(.text)
    USBD_Suspend                             0x1a000389   Thumb Code     2  usbd_lpc18xx_usb0.o(.text)
    USBD_Resume                              0x1a00038b   Thumb Code     2  usbd_lpc18xx_usb0.o(.text)
    USBD_WakeUp                              0x1a00038d   Thumb Code    14  usbd_lpc18xx_usb0.o(.text)
    USBD_WakeUpCfg                           0x1a00039b   Thumb Code     2  usbd_lpc18xx_usb0.o(.text)
    USBD_SetAddress                          0x1a00039d   Thumb Code    22  usbd_lpc18xx_usb0.o(.text)
    USBD_Configure                           0x1a0003b3   Thumb Code    34  usbd_lpc18xx_usb0.o(.text)
    USBD_ConfigEP                            0x1a0003d5   Thumb Code   182  usbd_lpc18xx_usb0.o(.text)
    USBD_DirCtrlEP                           0x1a00048b   Thumb Code     2  usbd_lpc18xx_usb0.o(.text)
    USBD_EnableEP                            0x1a00048d   Thumb Code    42  usbd_lpc18xx_usb0.o(.text)
    USBD_DisableEP                           0x1a0004b7   Thumb Code    42  usbd_lpc18xx_usb0.o(.text)
    USBD_ResetEP                             0x1a0004e1   Thumb Code   128  usbd_lpc18xx_usb0.o(.text)
    USBD_SetStallEP                          0x1a000561   Thumb Code    42  usbd_lpc18xx_usb0.o(.text)
    USBD_ClrStallEP                          0x1a00058b   Thumb Code   138  usbd_lpc18xx_usb0.o(.text)
    USBD_ClearEPBuf                          0x1a000615   Thumb Code     2  usbd_lpc18xx_usb0.o(.text)
    USBD_ReadEP                              0x1a000617   Thumb Code   190  usbd_lpc18xx_usb0.o(.text)
    USBD_WriteEP                             0x1a0006d5   Thumb Code    44  usbd_lpc18xx_usb0.o(.text)
    USBD_GetFrame                            0x1a000701   Thumb Code    10  usbd_lpc18xx_usb0.o(.text)
    USB0_IRQHandler                          0x1a00070b   Thumb Code   394  usbd_lpc18xx_usb0.o(.text)
    GLCD_Init                                0x1a0008ed   Thumb Code   800  glcd_lpc18xx.o(.text)
    GLCD_PutPixel                            0x1a000c0d   Thumb Code    24  glcd_lpc18xx.o(.text)
    GLCD_SetTextColor                        0x1a000c25   Thumb Code     6  glcd_lpc18xx.o(.text)
    GLCD_SetBackColor                        0x1a000c2b   Thumb Code     6  glcd_lpc18xx.o(.text)
    GLCD_Clear                               0x1a000c31   Thumb Code    24  glcd_lpc18xx.o(.text)
    GLCD_DrawLine                            0x1a000c49   Thumb Code    46  glcd_lpc18xx.o(.text)
    GLCD_DrawChar                            0x1a000c77   Thumb Code   232  glcd_lpc18xx.o(.text)
    GLCD_DisplayChar                         0x1a000d5f   Thumb Code    66  glcd_lpc18xx.o(.text)
    GLCD_DisplayString                       0x1a000da1   Thumb Code    34  glcd_lpc18xx.o(.text)
    GLCD_DrawString                          0x1a000dc3   Thumb Code    94  glcd_lpc18xx.o(.text)
    GLCD_ClearLn                             0x1a000e21   Thumb Code    62  glcd_lpc18xx.o(.text)
    GLCD_Bargraph                            0x1a000e5f   Thumb Code    82  glcd_lpc18xx.o(.text)
    GLCD_Bitmap                              0x1a000eb1   Thumb Code    70  glcd_lpc18xx.o(.text)
    GLCD_ScrollVertical                      0x1a000ef7   Thumb Code     2  glcd_lpc18xx.o(.text)
    GLCD_WrCmd                               0x1a000ef9   Thumb Code     4  glcd_lpc18xx.o(.text)
    GLCD_WrReg                               0x1a000efd   Thumb Code     2  glcd_lpc18xx.o(.text)
    Delayms                                  0x1a000f51   Thumb Code    10  dap.o(.text)
    DAP_ProcessVendorCommand                 0x1a001413   Thumb Code     8  dap.o(.text)
    DAP_ProcessCommand                       0x1a00141b   Thumb Code   422  dap.o(.text)
    DAP_Setup                                0x1a0015c1   Thumb Code    48  dap.o(.text)
    MY_printf_num                            0x1a00161d   Thumb Code    26  usbd_demo.o(.text)
    main                                     0x1a001637   Thumb Code   100  usbd_demo.o(.text)
    SWJ_Sequence                             0x1a0016d5   Thumb Code    88  sw_dp.o(.text)
    SWD_TransferFast                         0x1a00172d   Thumb Code   546  sw_dp.o(.text)
    SWD_TransferSlow                         0x1a00194f   Thumb Code   912  sw_dp.o(.text)
    SWD_Transfer                             0x1a001cdf   Thumb Code    10  sw_dp.o(.text)
    USBD_ReqGetDescriptor_HID                0x1a001d49   Thumb Code    90  usbd_core_hid.o(.text)
    USBD_EndPoint0_Setup_HID_ReqToIF         0x1a001da3   Thumb Code   142  usbd_core_hid.o(.text)
    USBD_EndPoint0_Out_HID_ReqToIF           0x1a001e31   Thumb Code    38  usbd_core_hid.o(.text)
    usbd_hid_get_protocol                    0x1a001e99   Thumb Code     4  usbd_hid.o(.text)
    usbd_hid_set_protocol                    0x1a001e9d   Thumb Code     2  usbd_hid.o(.text)
    USBD_HID_GetReport                       0x1a001e9f   Thumb Code    46  usbd_hid.o(.text)
    USBD_HID_SetReport                       0x1a001ecd   Thumb Code    50  usbd_hid.o(.text)
    USBD_HID_GetIdle                         0x1a001eff   Thumb Code    16  usbd_hid.o(.text)
    USBD_HID_SetIdle                         0x1a001f0f   Thumb Code    44  usbd_hid.o(.text)
    USBD_HID_GetProtocol                     0x1a001f3b   Thumb Code    14  usbd_hid.o(.text)
    USBD_HID_SetProtocol                     0x1a001f49   Thumb Code    14  usbd_hid.o(.text)
    USBD_HID_EP_INTIN_Event                  0x1a001f57   Thumb Code   292  usbd_hid.o(.text)
    USBD_HID_EP_INTOUT_Event                 0x1a00207b   Thumb Code   100  usbd_hid.o(.text)
    USBD_HID_Configure_Event                 0x1a0020df   Thumb Code    28  usbd_hid.o(.text)
    USBD_HID_EP_INT_Event                    0x1a0020fb   Thumb Code    28  usbd_hid.o(.text)
    USBD_HID_SOF_Event                       0x1a002117   Thumb Code   270  usbd_hid.o(.text)
    usbd_hid_get_report_trigger              0x1a002225   Thumb Code   206  usbd_hid.o(.text)
    __aeabi_memcpy                           0x1a0022f9   Thumb Code    36  memcpya.o(.text)
    __aeabi_memcpy4                          0x1a0022f9   Thumb Code     0  memcpya.o(.text)
    __aeabi_memcpy8                          0x1a0022f9   Thumb Code     0  memcpya.o(.text)
    __aeabi_uidiv                            0x1a00231d   Thumb Code     0  uidiv.o(.text)
    __aeabi_uidivmod                         0x1a00231d   Thumb Code    44  uidiv.o(.text)
    __aeabi_llsr                             0x1a002349   Thumb Code    32  llushr.o(.text)
    _ll_ushift_r                             0x1a002349   Thumb Code     0  llushr.o(.text)
    __scatterload                            0x1a002369   Thumb Code    28  init.o(.text)
    __scatterload_rt2                        0x1a002369   Thumb Code     0  init.o(.text)
    Long Thumb to Thumb Veneer to usbd_hid_init 0x1a00238d   Thumb Code    10  anon$$obj.o(Veneer$$Code)
    Long Thumb to Thumb Veneer to usbd_reset_core 0x1a002397   Thumb Code    10  anon$$obj.o(Veneer$$Code)
    Long Thumb to Thumb Veneer to usbd_init  0x1a0023a1   Thumb Code    10  anon$$obj.o(Veneer$$Code)
    Long Thumb to Thumb Veneer to usbd_connect 0x1a0023ab   Thumb Code    10  anon$$obj.o(Veneer$$Code)
    Long Thumb to Thumb Veneer to usbd_hid_process 0x1a0023b5   Thumb Code    10  anon$$obj.o(Veneer$$Code)
    Long Thumb to Thumb Veneer to USBD_DataInStage 0x1a0023bf   Thumb Code    10  anon$$obj.o(Veneer$$Code)
    Long Thumb to Thumb Veneer to USBD_StatusInStage 0x1a0023c9   Thumb Code    10  anon$$obj.o(Veneer$$Code)
    Long Thumb to Thumb Veneer to usbd_hid_get_report 0x1a0023d3   Thumb Code    10  anon$$obj.o(Veneer$$Code)
    Long Thumb to Thumb Veneer to usbd_hid_set_report 0x1a0023dd   Thumb Code    10  anon$$obj.o(Veneer$$Code)
    USBD_ReqSetConfiguration                 0x1a0023f1   Thumb Code   376  usbd_core.o(i.USBD_ReqSetConfiguration)
    USBD_ReqSetInterface                     0x1a002581   Thumb Code   280  usbd_core.o(i.USBD_ReqSetInterface)
    __0sprintf$1                             0x1a0026ad   Thumb Code    34  printf1.o(i.__0sprintf$1)
    __1sprintf$1                             0x1a0026ad   Thumb Code     0  printf1.o(i.__0sprintf$1)
    __2sprintf                               0x1a0026ad   Thumb Code     0  printf1.o(i.__0sprintf$1)
    __scatterload_copy                       0x1a0026d5   Thumb Code    14  handlers.o(i.__scatterload_copy)
    __scatterload_null                       0x1a0026e3   Thumb Code     2  handlers.o(i.__scatterload_null)
    __scatterload_zeroinit                   0x1a0026e5   Thumb Code    14  handlers.o(i.__scatterload_zeroinit)
    emcdivby2_opc                            0x1a0026fc   Data          20  system_lpc18xx.o(.constdata)
    usbd_hs_enable                           0x1a002710   Data           1  usb_config_usb0.o(.constdata)
    usbd_if_num                              0x1a002712   Data           2  usb_config_usb0.o(.constdata)
    usbd_hid_if_num                          0x1a002714   Data           1  usb_config_usb0.o(.constdata)
    usbd_hid_ep_intout                       0x1a002715   Data           1  usb_config_usb0.o(.constdata)
    usbd_hid_maxpacketsize                   0x1a002716   Data           4  usb_config_usb0.o(.constdata)
    usbd_hid_outreport_num                   0x1a00271a   Data           1  usb_config_usb0.o(.constdata)
    usbd_hid_outreport_max_sz                0x1a00271c   Data           2  usb_config_usb0.o(.constdata)
    USBD_P_Suspend_Event                     0x1a002720   Data           4  usb_config_usb0.o(.constdata)
    USBD_P_SOF_Event                         0x1a002724   Data           4  usb_config_usb0.o(.constdata)
    USBD_P_Configure_Event                   0x1a002728   Data           4  usb_config_usb0.o(.constdata)
    USBD_P_Feature_Event                     0x1a00272c   Data           4  usb_config_usb0.o(.constdata)
    USBD_HID_DescriptorOffset                0x1a002730   Data           2  usb_config_usb0.o(.constdata)
    USBD_DeviceQualifier                     0x1a002732   Data          10  usb_config_usb0.o(.constdata)
    USBD_ConfigDescriptor                    0x1a00273c   Data          42  usb_config_usb0.o(.constdata)
    USBD_OtherSpeedConfigDescriptor          0x1a002766   Data          42  usb_config_usb0.o(.constdata)
    USBD_StringDescriptor                    0x1a002790   Data         118  usb_config_usb0.o(.constdata)
    Region$$Table$$Base                      0x1a002808   Number         0  anon$$obj.o(Region$$Table)
    Region$$Table$$Limit                     0x1a002828   Number         0  anon$$obj.o(Region$$Table)
    Reset_Handler                            0x1b000001   Thumb Code     8  startup_lpc18xx.o(.text)
    NMI_Handler                              0x1b000009   Thumb Code     2  startup_lpc18xx.o(.text)
    HardFault_Handler                        0x1b00000b   Thumb Code     2  startup_lpc18xx.o(.text)
    MemManage_Handler                        0x1b00000d   Thumb Code     2  startup_lpc18xx.o(.text)
    BusFault_Handler                         0x1b00000f   Thumb Code     2  startup_lpc18xx.o(.text)
    UsageFault_Handler                       0x1b000011   Thumb Code     2  startup_lpc18xx.o(.text)
    SVC_Handler                              0x1b000013   Thumb Code     2  startup_lpc18xx.o(.text)
    DebugMon_Handler                         0x1b000015   Thumb Code     2  startup_lpc18xx.o(.text)
    PendSV_Handler                           0x1b000017   Thumb Code     2  startup_lpc18xx.o(.text)
    SysTick_Handler                          0x1b000019   Thumb Code     2  startup_lpc18xx.o(.text)
    ADC0_IRQHandler                          0x1b00001b   Thumb Code     0  startup_lpc18xx.o(.text)
    ADC1_IRQHandler                          0x1b00001b   Thumb Code     0  startup_lpc18xx.o(.text)
    ATIMER_IRQHandler                        0x1b00001b   Thumb Code     0  startup_lpc18xx.o(.text)
    CAN0_IRQHandler                          0x1b00001b   Thumb Code     0  startup_lpc18xx.o(.text)
    CAN1_IRQHandler                          0x1b00001b   Thumb Code     0  startup_lpc18xx.o(.text)
    DAC_IRQHandler                           0x1b00001b   Thumb Code     0  startup_lpc18xx.o(.text)
    DMA_IRQHandler                           0x1b00001b   Thumb Code     0  startup_lpc18xx.o(.text)
    ETH_IRQHandler                           0x1b00001b   Thumb Code     0  startup_lpc18xx.o(.text)
    EVRT_IRQHandler                          0x1b00001b   Thumb Code     0  startup_lpc18xx.o(.text)
    FLASHEEPROM_IRQHandler                   0x1b00001b   Thumb Code     0  startup_lpc18xx.o(.text)
    GINT0_IRQHandler                         0x1b00001b   Thumb Code     0  startup_lpc18xx.o(.text)
    GINT1_IRQHandler                         0x1b00001b   Thumb Code     0  startup_lpc18xx.o(.text)
    GPIO0_IRQHandler                         0x1b00001b   Thumb Code     0  startup_lpc18xx.o(.text)
    GPIO1_IRQHandler                         0x1b00001b   Thumb Code     0  startup_lpc18xx.o(.text)
    GPIO2_IRQHandler                         0x1b00001b   Thumb Code     0  startup_lpc18xx.o(.text)
    GPIO3_IRQHandler                         0x1b00001b   Thumb Code     0  startup_lpc18xx.o(.text)
    GPIO4_IRQHandler                         0x1b00001b   Thumb Code     0  startup_lpc18xx.o(.text)
    GPIO5_IRQHandler                         0x1b00001b   Thumb Code     0  startup_lpc18xx.o(.text)
    GPIO6_IRQHandler                         0x1b00001b   Thumb Code     0  startup_lpc18xx.o(.text)
    GPIO7_IRQHandler                         0x1b00001b   Thumb Code     0  startup_lpc18xx.o(.text)
    I2C0_IRQHandler                          0x1b00001b   Thumb Code     0  startup_lpc18xx.o(.text)
    I2C1_IRQHandler                          0x1b00001b   Thumb Code     0  startup_lpc18xx.o(.text)
    I2S0_IRQHandler                          0x1b00001b   Thumb Code     0  startup_lpc18xx.o(.text)
    I2S1_IRQHandler                          0x1b00001b   Thumb Code     0  startup_lpc18xx.o(.text)
    LCD_IRQHandler                           0x1b00001b   Thumb Code     0  startup_lpc18xx.o(.text)
    MCPWM_IRQHandler                         0x1b00001b   Thumb Code     0  startup_lpc18xx.o(.text)
    QEI_IRQHandler                           0x1b00001b   Thumb Code     0  startup_lpc18xx.o(.text)
    RIT_IRQHandler                           0x1b00001b   Thumb Code     0  startup_lpc18xx.o(.text)
    RTC_IRQHandler                           0x1b00001b   Thumb Code     0  startup_lpc18xx.o(.text)
    SCT_IRQHandler                           0x1b00001b   Thumb Code     0  startup_lpc18xx.o(.text)
    SDIO_IRQHandler                          0x1b00001b   Thumb Code     0  startup_lpc18xx.o(.text)
    SSP0_IRQHandler                          0x1b00001b   Thumb Code     0  startup_lpc18xx.o(.text)
    SSP1_IRQHandler                          0x1b00001b   Thumb Code     0  startup_lpc18xx.o(.text)
    TIMER0_IRQHandler                        0x1b00001b   Thumb Code     0  startup_lpc18xx.o(.text)
    TIMER1_IRQHandler                        0x1b00001b   Thumb Code     0  startup_lpc18xx.o(.text)
    TIMER2_IRQHandler                        0x1b00001b   Thumb Code     0  startup_lpc18xx.o(.text)
    TIMER3_IRQHandler                        0x1b00001b   Thumb Code     0  startup_lpc18xx.o(.text)
    UART0_IRQHandler                         0x1b00001b   Thumb Code     0  startup_lpc18xx.o(.text)
    UART1_IRQHandler                         0x1b00001b   Thumb Code     0  startup_lpc18xx.o(.text)
    UART2_IRQHandler                         0x1b00001b   Thumb Code     0  startup_lpc18xx.o(.text)
    UART3_IRQHandler                         0x1b00001b   Thumb Code     0  startup_lpc18xx.o(.text)
    USB1_IRQHandler                          0x1b00001b   Thumb Code     0  startup_lpc18xx.o(.text)
    WDT_IRQHandler                           0x1b00001b   Thumb Code     0  startup_lpc18xx.o(.text)
    SetClock                                 0x1b000025   Thumb Code   148  system_lpc18xx.o(.text)
    SystemInit_ExtMemCtl                     0x1b0000eb   Thumb Code   910  system_lpc18xx.o(.text)
    MeasureFreq                              0x1b000479   Thumb Code    62  system_lpc18xx.o(.text)
    GetClkSel                                0x1b0004b7   Thumb Code   114  system_lpc18xx.o(.text)
    GetClockFreq                             0x1b000529   Thumb Code   180  system_lpc18xx.o(.text)
    SystemCoreClockUpdate                    0x1b0005dd   Thumb Code    20  system_lpc18xx.o(.text)
    SystemInit                               0x1b0005f1   Thumb Code    38  system_lpc18xx.o(.text)
    usbd_hid_init                            0x1b000635   Thumb Code    22  usbd_user_hid.o(.text)
    usbd_hid_get_report                      0x1b00064b   Thumb Code    82  usbd_user_hid.o(.text)
    usbd_hid_set_report                      0x1b00069d   Thumb Code    84  usbd_user_hid.o(.text)
    usbd_hid_process                         0x1b0006f1   Thumb Code   110  usbd_user_hid.o(.text)
    usbd_init                                0x1b000771   Thumb Code    24  usbd_core.o(.text)
    usbd_connect                             0x1b000789   Thumb Code     4  usbd_core.o(.text)
    usbd_reset_core                          0x1b00078d   Thumb Code    26  usbd_core.o(.text)
    usbd_configured                          0x1b0007a7   Thumb Code    12  usbd_core.o(.text)
    USBD_SetupStage                          0x1b0007b3   Thumb Code    10  usbd_core.o(.text)
    USBD_DataInStage                         0x1b0007bd   Thumb Code    48  usbd_core.o(.text)
    USBD_DataOutStage                        0x1b0007ed   Thumb Code    28  usbd_core.o(.text)
    USBD_StatusInStage                       0x1b000809   Thumb Code    10  usbd_core.o(.text)
    USBD_StatusOutStage                      0x1b000813   Thumb Code     8  usbd_core.o(.text)
    USBD_EndPoint0                           0x1b00081b   Thumb Code   430  usbd_core.o(.text)
    __aeabi_uldivmod                         0x1b0009e9   Thumb Code    98  uldiv.o(.text)
    __aeabi_llsl                             0x1b000a4b   Thumb Code    30  llshl.o(.text)
    _ll_shift_l                              0x1b000a4b   Thumb Code     0  llshl.o(.text)
    Long Thumb to Thumb Veneer to __aeabi_memcpy 0x1b000a69   Thumb Code    10  anon$$obj.o(Veneer$$Code)
    Long Thumb to Thumb Veneer to DAP_ProcessCommand 0x1b000a73   Thumb Code    10  anon$$obj.o(Veneer$$Code)
    Long Thumb to Thumb Veneer to usbd_hid_get_report_trigger 0x1b000a7d   Thumb Code    10  anon$$obj.o(Veneer$$Code)
    Long Thumb to Thumb Veneer to usbd_class_init 0x1b000a87   Thumb Code    10  anon$$obj.o(Veneer$$Code)
    Long Thumb to Thumb Veneer to USBD_RTX_TaskInit 0x1b000a91   Thumb Code    10  anon$$obj.o(Veneer$$Code)
    Long Thumb to Thumb Veneer to USBD_Init  0x1b000a9b   Thumb Code    10  anon$$obj.o(Veneer$$Code)
    Long Thumb to Thumb Veneer to USBD_Connect 0x1b000aa5   Thumb Code    10  anon$$obj.o(Veneer$$Code)
    Long Thumb to Thumb Veneer to USBD_ReadEP 0x1b000aaf   Thumb Code    10  anon$$obj.o(Veneer$$Code)
    Long Thumb to Thumb Veneer to USBD_WriteEP 0x1b000ab9   Thumb Code    10  anon$$obj.o(Veneer$$Code)
    Long Thumb to Thumb Veneer to USBD_DirCtrlEP 0x1b000ac3   Thumb Code    10  anon$$obj.o(Veneer$$Code)
    Long Thumb to Thumb Veneer to USBD_SetAddress 0x1b000acd   Thumb Code    10  anon$$obj.o(Veneer$$Code)
    Long Thumb to Thumb Veneer to USBD_ReqSetConfiguration 0x1b000ad7   Thumb Code    10  anon$$obj.o(Veneer$$Code)
    Long Thumb to Thumb Veneer to USBD_ReqSetInterface 0x1b000ae1   Thumb Code    10  anon$$obj.o(Veneer$$Code)
    Long Thumb to Thumb Veneer to USBD_EndPoint0_Setup_HID_ReqToIF 0x1b000aeb   Thumb Code    10  anon$$obj.o(Veneer$$Code)
    Long Thumb to Thumb Veneer to USBD_EndPoint0_Setup_MSC_ReqToIF 0x1b000af5   Thumb Code    10  anon$$obj.o(Veneer$$Code)
    Long Thumb to Thumb Veneer to USBD_EndPoint0_Setup_CDC_ReqToIF 0x1b000aff   Thumb Code    10  anon$$obj.o(Veneer$$Code)
    Long Thumb to Thumb Veneer to USBD_SetStallEP 0x1b000b09   Thumb Code    10  anon$$obj.o(Veneer$$Code)
    Long Thumb to Thumb Veneer to USBD_EndPoint0_Out_HID_ReqToIF 0x1b000b13   Thumb Code    10  anon$$obj.o(Veneer$$Code)
    Long Thumb to Thumb Veneer to USBD_EndPoint0_Out_CDC_ReqToIF 0x1b000b1d   Thumb Code    10  anon$$obj.o(Veneer$$Code)
    Long Thumb to Thumb Veneer to USBD_ClrStallEP 0x1b000b27   Thumb Code    10  anon$$obj.o(Veneer$$Code)
    Long Thumb to Thumb Veneer to __aeabi_llsr 0x1b000b31   Thumb Code    10  anon$$obj.o(Veneer$$Code)
    Long Thumb to Thumb Veneer to USBD_ReqGetDescriptor_HID 0x1b000b3b   Thumb Code    10  anon$$obj.o(Veneer$$Code)
    Long Thumb to Thumb Veneer to USBD_WakeUpCfg 0x1b000b45   Thumb Code    10  anon$$obj.o(Veneer$$Code)
    Long Thumb to Thumb Veneer to USBD_ReqClrFeature_MSC 0x1b000b4f   Thumb Code    10  anon$$obj.o(Veneer$$Code)
    Long Thumb to Thumb Veneer to __aeabi_uidivmod 0x1b000b59   Thumb Code    10  anon$$obj.o(Veneer$$Code)
    USBD_ReqGetDescriptor                    0x1b000b65   Thumb Code   262  usbd_core.o(i.USBD_ReqGetDescriptor)
    USBD_ReqGetStatus                        0x1b000c99   Thumb Code   116  usbd_core.o(i.USBD_ReqGetStatus)
    USBD_ReqSetClrFeature                    0x1b000d15   Thumb Code   154  usbd_core.o(i.USBD_ReqSetClrFeature)
    usbd_power                               0x1b000f08   Data           1  usb_config_usb0.o(.constdata)
    usbd_max_packet0                         0x1b000f09   Data           1  usb_config_usb0.o(.constdata)
    usbd_hid_ep_intin                        0x1b000f0a   Data           1  usb_config_usb0.o(.constdata)
    usbd_hid_interval                        0x1b000f0c   Data           4  usb_config_usb0.o(.constdata)
    usbd_hid_inreport_num                    0x1b000f10   Data           1  usb_config_usb0.o(.constdata)
    usbd_hid_inreport_max_sz                 0x1b000f12   Data           2  usb_config_usb0.o(.constdata)
    USBD_P_Reset_Event                       0x1b000f14   Data           4  usb_config_usb0.o(.constdata)
    USBD_P_Resume_Event                      0x1b000f18   Data           4  usb_config_usb0.o(.constdata)
    USBD_P_Error_Event                       0x1b000f1c   Data           4  usb_config_usb0.o(.constdata)
    USBD_P_EP                                0x1b000f20   Data          64  usb_config_usb0.o(.constdata)
    USBD_P_Interface_Event                   0x1b000f60   Data           4  usb_config_usb0.o(.constdata)
    USBD_HID_ReportDescriptor                0x1b000f64   Data          33  usb_config_usb0.o(.constdata)
    USBD_HID_ReportDescriptorSize            0x1b000f86   Data           2  usb_config_usb0.o(.constdata)
    USBD_DeviceDescriptor                    0x1b000f88   Data          18  usb_config_usb0.o(.constdata)
    USBD_DeviceQualifier_HS                  0x1b000f9a   Data          10  usb_config_usb0.o(.constdata)
    USBD_ConfigDescriptor_HS                 0x1b000fa4   Data          42  usb_config_usb0.o(.constdata)
    USBD_OtherSpeedConfigDescriptor_HS       0x1b000fce   Data          42  usb_config_usb0.o(.constdata)
    Font_6x8_h                               0x1b000ff8   Data         896  glcd_lpc18xx.o(.constdata)
    Font_16x24_h                             0x1b001378   Data        5376  glcd_lpc18xx.o(.constdata)
    DAP_FW_Ver                               0x1b002878   Data           4  dap.o(.constdata)
    SystemCoreClock                          0x20000000   Data           4  system_lpc18xx.o(.data)
    USBD_AltSetting                          0x20000004   Data           1  usb_config_usb0.o(.data)
    USBD_EP0Buf                              0x20000005   Data           8  usb_config_usb0.o(.data)
    USBD_HID_PollingCnt                      0x2000000e   Data           2  usb_config_usb0.o(.data)
    USBD_HID_IdleCnt                         0x20000010   Data           1  usb_config_usb0.o(.data)
    USBD_HID_IdleReload                      0x20000011   Data           1  usb_config_usb0.o(.data)
    USBD_HID_IdleSet                         0x20000012   Data           1  usb_config_usb0.o(.data)
    USBD_HID_FeatReport                      0x20000013   Data           2  usb_config_usb0.o(.data)
    BufUsed                                  0x20000018   Data           4  usbd_lpc18xx_usb0.o(.data)
    IsoEp                                    0x2000001c   Data           4  usbd_lpc18xx_usb0.o(.data)
    cmpl_pnd                                 0x20000020   Data           4  usbd_lpc18xx_usb0.o(.data)
    DAP_TransferAbort                        0x2000002c   Data           1  dap.o(.data)
    USBD_DeviceAddress                       0x20000044   Data           1  usbd_core.o(.data)
    USBD_Configuration                       0x20000045   Data           1  usbd_core.o(.data)
    USBD_NumInterfaces                       0x20000046   Data           1  usbd_core.o(.data)
    USBD_HighSpeed                           0x20000047   Data           1  usbd_core.o(.data)
    USBD_ZLP                                 0x20000048   Data           1  usbd_core.o(.data)
    USBD_DeviceStatus                        0x2000004a   Data           2  usbd_core.o(.data)
    USBD_EndPointMask                        0x2000004c   Data           4  usbd_core.o(.data)
    USBD_EndPointHalt                        0x20000050   Data           4  usbd_core.o(.data)
    USBD_EndPointStall                       0x20000054   Data           4  usbd_core.o(.data)
    USBD_EP0Data                             0x20000058   Data           8  usbd_core.o(.data)
    USBD_SetupPacket                         0x20000060   Data           8  usbd_core.o(.data)
    USBD_HID_Protocol                        0x20000069   Data           1  usbd_hid.o(.data)
    DataOutToSendLen                         0x2000006a   Data           2  usbd_hid.o(.data)
    DataOutSentLen                           0x2000006c   Data           2  usbd_hid.o(.data)
    DataInReceLen                            0x2000006e   Data           2  usbd_hid.o(.data)
    DataFeatReceLen                          0x20000070   Data           2  usbd_hid.o(.data)
    DataOutAsyncReq                          0x20000074   Data           4  usbd_hid.o(.data)
    DataOutUpdateReqMask                     0x20000078   Data           4  usbd_hid.o(.data)
    ptrDataOut                               0x2000007c   Data           4  usbd_hid.o(.data)
    DataOutEndWithShortPacket                0x20000080   Data           4  usbd_hid.o(.data)
    ptrDataIn                                0x20000084   Data           4  usbd_hid.o(.data)
    ptrDataFeat                              0x20000088   Data           4  usbd_hid.o(.data)
    USBD_HID_InReport                        0x2000008c   Data          65  usb_config_usb0.o(.bss)
    USBD_HID_OutReport                       0x200000cd   Data          65  usb_config_usb0.o(.bss)
    EPQHx                                    0x20001000   Data         256  usbd_lpc18xx_usb0.o(.bss)
    dTDx                                     0x20001100   Data         128  usbd_lpc18xx_usb0.o(.bss)
    Ep                                       0x20001180   Data          32  usbd_lpc18xx_usb0.o(.bss)
    EPBufPool                                0x20002000   Data         144  usbd_lpc18xx_usb0.o(.bss)
    DAP_Data                                 0x20002090   Data          24  dap.o(.bss)
    __initial_sp                             0x200044a8   Data           0  startup_lpc18xx.o(STACK)



==============================================================================

Memory Map of the image

  Image Entry point : 0x1a000115

  Load Region LR_IROM1 (Base: 0x1a000000, Size: 0x000028b4, Max: 0x00080000, ABSOLUTE)

    Execution Region RW_IRAM1 (Base: 0x10000000, Size: 0x00000000, Max: 0x00008000, ABSOLUTE)

    **** No section assigned to this execution region ****


    Execution Region ER_IROM1 (Base: 0x1a000000, Size: 0x00002828, Max: 0x00080000, ABSOLUTE)

    Base Addr    Size         Type   Attr      Idx    E Section Name        Object

    0x1a000000   0x00000114   Data   RO            3    RESET               startup_lpc18xx.o
    0x1a000114   0x00000000   Code   RO          578  * .ARM.Collect$$$$00000000  mc_w.l(entry.o)
    0x1a000114   0x00000004   Code   RO          848    .ARM.Collect$$$$00000001  mc_w.l(entry2.o)
    0x1a000118   0x00000004   Code   RO          851    .ARM.Collect$$$$00000004  mc_w.l(entry5.o)
    0x1a00011c   0x00000000   Code   RO          853    .ARM.Collect$$$$00000008  mc_w.l(entry7b.o)
    0x1a00011c   0x00000000   Code   RO          855    .ARM.Collect$$$$0000000A  mc_w.l(entry8b.o)
    0x1a00011c   0x00000008   Code   RO          856    .ARM.Collect$$$$0000000B  mc_w.l(entry9a.o)
    0x1a000124   0x00000000   Code   RO          858    .ARM.Collect$$$$0000000D  mc_w.l(entry10a.o)
    0x1a000124   0x00000000   Code   RO          860    .ARM.Collect$$$$0000000F  mc_w.l(entry11a.o)
    0x1a000124   0x00000004   Code   RO          849    .ARM.Collect$$$$00002712  mc_w.l(entry2.o)
    0x1a000128   0x00000052   Code   RO           58    .text               usb_config_usb0.o
    0x1a00017a   0x00000002   PAD
    0x1a00017c   0x00000748   Code   RO          178    .text               usbd_lpc18xx_usb0.o
    0x1a0008c4   0x0000068c   Code   RO          221    .text               glcd_lpc18xx.o
    0x1a000f50   0x000006cc   Code   RO          305    .text               dap.o
    0x1a00161c   0x000000b8   Code   RO          404    .text               usbd_demo.o
    0x1a0016d4   0x00000674   Code   RO          439    .text               sw_dp.o
    0x1a001d48   0x00000148   Code   RO          551    .text               usbd_core_hid.o
    0x1a001e90   0x00000468   Code   RO          563    .text               usbd_hid.o
    0x1a0022f8   0x00000024   Code   RO          583    .text               mc_w.l(memcpya.o)
    0x1a00231c   0x0000002c   Code   RO          865    .text               mc_w.l(uidiv.o)
    0x1a002348   0x00000020   Code   RO          869    .text               mc_w.l(llushr.o)
    0x1a002368   0x00000024   Code   RO          882    .text               mc_w.l(init.o)
    0x1a00238c   0x0000000a   Ven    RO          898    Veneer$$Code        anon$$obj.o
    0x1a002396   0x0000000a   Ven    RO          899    Veneer$$Code        anon$$obj.o
    0x1a0023a0   0x0000000a   Ven    RO          900    Veneer$$Code        anon$$obj.o
    0x1a0023aa   0x0000000a   Ven    RO          901    Veneer$$Code        anon$$obj.o
    0x1a0023b4   0x0000000a   Ven    RO          902    Veneer$$Code        anon$$obj.o
    0x1a0023be   0x0000000a   Ven    RO          903    Veneer$$Code        anon$$obj.o
    0x1a0023c8   0x0000000a   Ven    RO          904    Veneer$$Code        anon$$obj.o
    0x1a0023d2   0x0000000a   Ven    RO          905    Veneer$$Code        anon$$obj.o
    0x1a0023dc   0x0000000a   Ven    RO          906    Veneer$$Code        anon$$obj.o
    0x1a0023e6   0x0000000a   Ven    RO          907    Veneer$$Code        anon$$obj.o
    0x1a0023f0   0x00000190   Code   RO          492    i.USBD_ReqSetConfiguration  usbd_core.o
    0x1a002580   0x0000012c   Code   RO          498    i.USBD_ReqSetInterface  usbd_core.o
    0x1a0026ac   0x00000028   Code   RO          634    i.__0sprintf$1      mc_w.l(printf1.o)
    0x1a0026d4   0x0000000e   Code   RO          892    i.__scatterload_copy  mc_w.l(handlers.o)
    0x1a0026e2   0x00000002   Code   RO          893    i.__scatterload_null  mc_w.l(handlers.o)
    0x1a0026e4   0x0000000e   Code   RO          894    i.__scatterload_zeroinit  mc_w.l(handlers.o)
    0x1a0026f2   0x0000000a   Code   RO          641    i._sputc            mc_w.l(printf1.o)
    0x1a0026fc   0x00000014   Data   RO           13    .constdata          system_lpc18xx.o
    0x1a002710   0x00000001   Data   RO           62    .constdata          usb_config_usb0.o
    0x1a002711   0x00000001   PAD
    0x1a002712   0x00000002   Data   RO           63    .constdata          usb_config_usb0.o
    0x1a002714   0x00000001   Data   RO           66    .constdata          usb_config_usb0.o
    0x1a002715   0x00000001   Data   RO           68    .constdata          usb_config_usb0.o
    0x1a002716   0x00000004   Data   RO           70    .constdata          usb_config_usb0.o
    0x1a00271a   0x00000001   Data   RO           72    .constdata          usb_config_usb0.o
    0x1a00271b   0x00000001   PAD
    0x1a00271c   0x00000002   Data   RO           74    .constdata          usb_config_usb0.o
    0x1a00271e   0x00000002   PAD
    0x1a002720   0x00000004   Data   RO           78    .constdata          usb_config_usb0.o
    0x1a002724   0x00000004   Data   RO           81    .constdata          usb_config_usb0.o
    0x1a002728   0x00000004   Data   RO           84    .constdata          usb_config_usb0.o
    0x1a00272c   0x00000004   Data   RO           86    .constdata          usb_config_usb0.o
    0x1a002730   0x00000002   Data   RO           90    .constdata          usb_config_usb0.o
    0x1a002732   0x0000000a   Data   RO           92    .constdata          usb_config_usb0.o
    0x1a00273c   0x0000002a   Data   RO           94    .constdata          usb_config_usb0.o
    0x1a002766   0x0000002a   Data   RO           96    .constdata          usb_config_usb0.o
    0x1a002790   0x00000076   Data   RO           98    .constdata          usb_config_usb0.o
    0x1a002806   0x00000002   PAD
    0x1a002808   0x00000020   Data   RO          890    Region$$Table       anon$$obj.o


    Execution Region RW_IRAM2 (Base: 0x20000000, Size: 0x000044a8, Max: 0x00010000, ABSOLUTE)

    Base Addr    Size         Type   Attr      Idx    E Section Name        Object

    0x20000000   0x00000004   Data   RW           14    .data               system_lpc18xx.o
    0x20000004   0x00000001   Data   RW           99    .data               usb_config_usb0.o
    0x20000005   0x00000008   Data   RW          100    .data               usb_config_usb0.o
    0x2000000d   0x00000001   PAD
    0x2000000e   0x00000002   Data   RW          101    .data               usb_config_usb0.o
    0x20000010   0x00000001   Data   RW          102    .data               usb_config_usb0.o
    0x20000011   0x00000001   Data   RW          103    .data               usb_config_usb0.o
    0x20000012   0x00000001   Data   RW          104    .data               usb_config_usb0.o
    0x20000013   0x00000002   Data   RW          105    .data               usb_config_usb0.o
    0x20000015   0x00000003   PAD
    0x20000018   0x0000000c   Data   RW          180    .data               usbd_lpc18xx_usb0.o
    0x20000024   0x00000008   Data   RW          223    .data               glcd_lpc18xx.o
    0x2000002c   0x00000001   Data   RW          308    .data               dap.o
    0x2000002d   0x00000003   PAD
    0x20000030   0x00000014   Data   RW          344    .data               usbd_user_hid.o
    0x20000044   0x00000024   Data   RW          469    .data               usbd_core.o
    0x20000068   0x00000024   Data   RW          564    .data               usbd_hid.o
    0x2000008c   0x00000041   Zero   RW           59    .bss                usb_config_usb0.o
    0x200000cd   0x00000041   Zero   RW           60    .bss                usb_config_usb0.o
    0x2000010e   0x00000ef2   PAD
    0x20001000   0x00001090   Zero   RW          179    .bss                usbd_lpc18xx_usb0.o
    0x20002090   0x00000018   Zero   RW          306    .bss                dap.o
    0x200020a8   0x00002000   Zero   RW          343    .bss                usbd_user_hid.o
    0x200040a8   0x00000400   Zero   RW            1    STACK               startup_lpc18xx.o



  Load Region LR_IROM2 (Base: 0x1b000000, Size: 0x0000287c, Max: 0x00080000, ABSOLUTE)

    Execution Region ER_IROM2 (Base: 0x1b000000, Size: 0x0000287c, Max: 0x00080000, ABSOLUTE)

    Base Addr    Size         Type   Attr      Idx    E Section Name        Object

    0x1b000000   0x00000024   Code   RO            4    .text               startup_lpc18xx.o
    0x1b000024   0x00000610   Code   RO           12    .text               system_lpc18xx.o
    0x1b000634   0x0000013c   Code   RO          342    .text               usbd_user_hid.o
    0x1b000770   0x00000278   Code   RO          468    .text               usbd_core.o
    0x1b0009e8   0x00000062   Code   RO          581    .text               mc_w.l(uldiv.o)
    0x1b000a4a   0x0000001e   Code   RO          867    .text               mc_w.l(llshl.o)
    0x1b000a68   0x0000000a   Ven    RO          908    Veneer$$Code        anon$$obj.o
    0x1b000a72   0x0000000a   Ven    RO          909    Veneer$$Code        anon$$obj.o
    0x1b000a7c   0x0000000a   Ven    RO          910    Veneer$$Code        anon$$obj.o
    0x1b000a86   0x0000000a   Ven    RO          911    Veneer$$Code        anon$$obj.o
    0x1b000a90   0x0000000a   Ven    RO          912    Veneer$$Code        anon$$obj.o
    0x1b000a9a   0x0000000a   Ven    RO          913    Veneer$$Code        anon$$obj.o
    0x1b000aa4   0x0000000a   Ven    RO          914    Veneer$$Code        anon$$obj.o
    0x1b000aae   0x0000000a   Ven    RO          915    Veneer$$Code        anon$$obj.o
    0x1b000ab8   0x0000000a   Ven    RO          916    Veneer$$Code        anon$$obj.o
    0x1b000ac2   0x0000000a   Ven    RO          917    Veneer$$Code        anon$$obj.o
    0x1b000acc   0x0000000a   Ven    RO          918    Veneer$$Code        anon$$obj.o
    0x1b000ad6   0x0000000a   Ven    RO          919    Veneer$$Code        anon$$obj.o
    0x1b000ae0   0x0000000a   Ven    RO          920    Veneer$$Code        anon$$obj.o
    0x1b000aea   0x0000000a   Ven    RO          921    Veneer$$Code        anon$$obj.o
    0x1b000af4   0x0000000a   Ven    RO          922    Veneer$$Code        anon$$obj.o
    0x1b000afe   0x0000000a   Ven    RO          923    Veneer$$Code        anon$$obj.o
    0x1b000b08   0x0000000a   Ven    RO          924    Veneer$$Code        anon$$obj.o
    0x1b000b12   0x0000000a   Ven    RO          925    Veneer$$Code        anon$$obj.o
    0x1b000b1c   0x0000000a   Ven    RO          926    Veneer$$Code        anon$$obj.o
    0x1b000b26   0x0000000a   Ven    RO          927    Veneer$$Code        anon$$obj.o
    0x1b000b30   0x0000000a   Ven    RO          928    Veneer$$Code        anon$$obj.o
    0x1b000b3a   0x0000000a   Ven    RO          929    Veneer$$Code        anon$$obj.o
    0x1b000b44   0x0000000a   Ven    RO          930    Veneer$$Code        anon$$obj.o
    0x1b000b4e   0x0000000a   Ven    RO          931    Veneer$$Code        anon$$obj.o
    0x1b000b58   0x0000000a   Ven    RO          932    Veneer$$Code        anon$$obj.o
    0x1b000b62   0x00000002   PAD
    0x1b000b64   0x00000134   Code   RO          486    i.USBD_ReqGetDescriptor  usbd_core.o
    0x1b000c98   0x0000007c   Code   RO          504    i.USBD_ReqGetStatus  usbd_core.o
    0x1b000d14   0x000000a0   Code   RO          480    i.USBD_ReqSetClrFeature  usbd_core.o
    0x1b000db4   0x00000154   Code   RO          639    i._printf_core      mc_w.l(printf1.o)
    0x1b000f08   0x00000001   Data   RO           61    .constdata          usb_config_usb0.o
    0x1b000f09   0x00000001   Data   RO           65    .constdata          usb_config_usb0.o
    0x1b000f0a   0x00000001   Data   RO           67    .constdata          usb_config_usb0.o
    0x1b000f0b   0x00000001   PAD
    0x1b000f0c   0x00000004   Data   RO           69    .constdata          usb_config_usb0.o
    0x1b000f10   0x00000001   Data   RO           71    .constdata          usb_config_usb0.o
    0x1b000f11   0x00000001   PAD
    0x1b000f12   0x00000002   Data   RO           73    .constdata          usb_config_usb0.o
    0x1b000f14   0x00000004   Data   RO           77    .constdata          usb_config_usb0.o
    0x1b000f18   0x00000004   Data   RO           79    .constdata          usb_config_usb0.o
    0x1b000f1c   0x00000004   Data   RO           82    .constdata          usb_config_usb0.o
    0x1b000f20   0x00000040   Data   RO           83    .constdata          usb_config_usb0.o
    0x1b000f60   0x00000004   Data   RO           85    .constdata          usb_config_usb0.o
    0x1b000f64   0x00000021   Data   RO           88    .constdata          usb_config_usb0.o
    0x1b000f85   0x00000001   PAD
    0x1b000f86   0x00000002   Data   RO           89    .constdata          usb_config_usb0.o
    0x1b000f88   0x00000012   Data   RO           91    .constdata          usb_config_usb0.o
    0x1b000f9a   0x0000000a   Data   RO           93    .constdata          usb_config_usb0.o
    0x1b000fa4   0x0000002a   Data   RO           95    .constdata          usb_config_usb0.o
    0x1b000fce   0x0000002a   Data   RO           97    .constdata          usb_config_usb0.o
    0x1b000ff8   0x00001880   Data   RO          222    .constdata          glcd_lpc18xx.o
    0x1b002878   0x00000004   Data   RO          307    .constdata          dap.o


==============================================================================

Image component sizes


      Code (inc. data)   RO Data    RW Data    ZI Data      Debug   Object Name

      1740         82          4          1         24      11460   dap.o
      1676         98       6272          8          0       6426   glcd_lpc18xx.o
        36          8        276          0       1024        748   startup_lpc18xx.o
      1652         28          0          0          0      13543   sw_dp.o
      1552        166         20          4          0       9871   system_lpc18xx.o
        82          0        479         16        130      27173   usb_config_usb0.o
      1924        156          0         36          0       8880   usbd_core.o
       328         70          0          0          0       1628   usbd_core_hid.o
       184         58          0          0          0       3499   usbd_demo.o
      1128         88          0         36          0       5279   usbd_hid.o
      1864        106          0         12       4240      59706   usbd_lpc18xx_usb0.o
       316         18          0         20       8192       2105   usbd_user_hid.o

    ----------------------------------------------------------------------
     12836        878       7092        140      17436     150318   Object Totals
       350          0         32          0          0          0   (incl. Generated)
         4          0          9          7       3826          0   (incl. Padding)

    ----------------------------------------------------------------------

      Code (inc. data)   RO Data    RW Data    ZI Data      Debug   Library Member Name

         0          0          0          0          0          0   entry.o
         0          0          0          0          0          0   entry10a.o
         0          0          0          0          0          0   entry11a.o
         8          4          0          0          0          0   entry2.o
         4          0          0          0          0          0   entry5.o
         0          0          0          0          0          0   entry7b.o
         0          0          0          0          0          0   entry8b.o
         8          4          0          0          0          0   entry9a.o
        30          0          0          0          0          0   handlers.o
        36          8          0          0          0         68   init.o
        30          0          0          0          0         68   llshl.o
        32          0          0          0          0         68   llushr.o
        36          0          0          0          0         68   memcpya.o
       390         12          0          0          0        248   printf1.o
        44          0          0          0          0         80   uidiv.o
        98          0          0          0          0         92   uldiv.o

    ----------------------------------------------------------------------
       716         28          0          0          0        692   Library Totals
         0          0          0          0          0          0   (incl. Padding)

    ----------------------------------------------------------------------

      Code (inc. data)   RO Data    RW Data    ZI Data      Debug   Library Name

       716         28          0          0          0        692   mc_w.l

    ----------------------------------------------------------------------
       716         28          0          0          0        692   Library Totals

    ----------------------------------------------------------------------

==============================================================================


      Code (inc. data)   RO Data    RW Data    ZI Data      Debug   

     13552        906       7092        140      17436     148982   Grand Totals
     13552        906       7092        140      17436     148982   ELF Image Totals
     13552        906       7092        140          0          0   ROM Totals

==============================================================================

    Total RO  Size (Code + RO Data)                20644 (  20.16kB)
    Total RW  Size (RW Data + ZI Data)             17576 (  17.16kB)
    Total ROM Size (Code + RO Data + RW Data)      20784 (  20.30kB)

==============================================================================

